Component: ARM Compiler 5.06 update 6 (build 750) Tool: armlink [4d35ed]

==============================================================================

Section Cross References

    main.o(i.main) refers to ht32_cm0plus_misc.o(i.NVIC_SetVectorTable) for NVIC_SetVectorTable
    main.o(i.main) refers to head.o(i.version_fun) for version_fun
    main.o(i.main) refers to mcu_api.o(i.bt_protocol_init) for bt_protocol_init
    main.o(i.main) refers to motor_init.o(i.clock_config) for clock_config
    main.o(i.main) refers to uart0_init.o(i.uart0_init) for uart0_init
    main.o(i.main) refers to usart0_init.o(i.usart0_init) for usart0_init
    main.o(i.main) refers to gpio_init.o(i.key_init) for key_init
    main.o(i.main) refers to gpio_init.o(i.gpio_init) for gpio_init
    main.o(i.main) refers to adc_init.o(i.adc_init) for adc_init
    main.o(i.main) refers to gptm0_init.o(i.gptm0_onfiguration) for gptm0_onfiguration
    main.o(i.main) refers to bftm_init.o(i.bftm_onfiguration) for bftm_onfiguration
    main.o(i.main) refers to rtc_init.o(i.rtc_init) for rtc_init
    main.o(i.main) refers to systick_init.o(i.systick_init) for systick_init
    main.o(i.main) refers to tst_function.o(i.global_arg_fun) for global_arg_fun
    main.o(i.main) refers to protocol.o(i.bt_send_mcu_ver) for bt_send_mcu_ver
    main.o(i.main) refers to head.o(i.fun_setup_interrupt) for fun_setup_interrupt
    main.o(i.main) refers to ht32f5xxxx_pwrcu.o(i.PWRCU_BODRISConfig) for PWRCU_BODRISConfig
    main.o(i.main) refers to ht32f5xxxx_pwrcu.o(i.PWRCU_BODCmd) for PWRCU_BODCmd
    main.o(i.main) refers to ht32f5xxxx_pwrcu.o(i.PWRCU_SetLVDS) for PWRCU_SetLVDS
    main.o(i.main) refers to ht32f5xxxx_pwrcu.o(i.PWRCU_LVDIntWakeupConfig) for PWRCU_LVDIntWakeupConfig
    main.o(i.main) refers to ht32f5xxxx_pwrcu.o(i.PWRCU_LVDCmd) for PWRCU_LVDCmd
    main.o(i.main) refers to ht32f5xxxx_gpio.o(i.GPIO_ReadInBit) for GPIO_ReadInBit
    main.o(i.main) refers to head.o(i.rf_test) for rf_test
    main.o(i.main) refers to main.o(i.license_readback) for license_readback
    main.o(i.main) refers to printf5.o(i.__0printf$5) for __2printf
    main.o(i.main) refers to head.o(i.I4_MainTask) for I4_MainTask
    main.o(i.main) refers to head.o(i.I4_ProductionTest) for I4_ProductionTest
    ht32f5xxxx_01_it.o(i.BFTM0_IRQHandler) refers to ht32f5xxxx_bftm.o(i.BFTM_ClearFlag) for BFTM_ClearFlag
    ht32f5xxxx_01_it.o(i.BFTM0_IRQHandler) refers to bftm_init.o(.data) for bftm_cnt
    ht32f5xxxx_01_it.o(i.BFTM0_IRQHandler) refers to ht32f5xxxx_01_it.o(.data) for .data
    ht32f5xxxx_01_it.o(i.BFTM0_IRQHandler) refers to head.o(.data) for ThereMinutes
    ht32f5xxxx_01_it.o(i.EVWUP_IRQHandler) refers to ht32f5xxxx_rtc.o(i.RTC_GetCounter) for RTC_GetCounter
    ht32f5xxxx_01_it.o(i.EVWUP_IRQHandler) refers to protocol.o(i.tybn1_out_sleep_mode) for tybn1_out_sleep_mode
    ht32f5xxxx_01_it.o(i.EVWUP_IRQHandler) refers to ht32f5xxxx_gpio.o(i.GPIO_WriteOutBits) for GPIO_WriteOutBits
    ht32f5xxxx_01_it.o(i.EVWUP_IRQHandler) refers to ht32f5xxxx_exti.o(i.EXTI_WakeupEventIntConfig) for EXTI_WakeupEventIntConfig
    ht32f5xxxx_01_it.o(i.EVWUP_IRQHandler) refers to ht32f5xxxx_exti.o(i.EXTI_ClearWakeupFlag) for EXTI_ClearWakeupFlag
    ht32f5xxxx_01_it.o(i.EVWUP_IRQHandler) refers to ht32f5xxxx_01_it.o(.data) for .data
    ht32f5xxxx_01_it.o(i.EVWUP_IRQHandler) refers to low_power_iniit.o(.data) for low_power_event_flag
    ht32f5xxxx_01_it.o(i.EVWUP_IRQHandler) refers to rtc_init.o(.data) for xRtcCounterTmp
    ht32f5xxxx_01_it.o(i.EXTI0_1_IRQHandler) refers to ht32f5xxxx_01_it.o(i.WAKEUP_Button_Process) for WAKEUP_Button_Process
    ht32f5xxxx_01_it.o(i.EXTI2_3_IRQHandler) refers to ht32f5xxxx_01_it.o(i.WAKEUP_Button_Process) for WAKEUP_Button_Process
    ht32f5xxxx_01_it.o(i.EXTI4_15_IRQHandler) refers to ht32f5xxxx_01_it.o(i.WAKEUP_Button_Process) for WAKEUP_Button_Process
    ht32f5xxxx_01_it.o(i.GPTM0_IRQHandler) refers to ht32f5xxxx_tm.o(i.TM_ClearFlag) for TM_ClearFlag
    ht32f5xxxx_01_it.o(i.GPTM0_IRQHandler) refers to ffltui.o(.text) for __aeabi_ui2f
    ht32f5xxxx_01_it.o(i.GPTM0_IRQHandler) refers to fscalb.o(.text) for __ARM_scalbnf
    ht32f5xxxx_01_it.o(i.GPTM0_IRQHandler) refers to fmul.o(.text) for __aeabi_fmul
    ht32f5xxxx_01_it.o(i.GPTM0_IRQHandler) refers to cfcmple.o(.text) for __aeabi_cfcmple
    ht32f5xxxx_01_it.o(i.GPTM0_IRQHandler) refers to fadd.o(.text) for __aeabi_fadd
    ht32f5xxxx_01_it.o(i.GPTM0_IRQHandler) refers to ffixui.o(.text) for __aeabi_f2uiz
    ht32f5xxxx_01_it.o(i.GPTM0_IRQHandler) refers to uidiv.o(.text) for __aeabi_uidivmod
    ht32f5xxxx_01_it.o(i.GPTM0_IRQHandler) refers to head.o(.data) for VS_TimeCalibraCnt
    ht32f5xxxx_01_it.o(i.GPTM0_IRQHandler) refers to ht32f5xxxx_01_it.o(.data) for .data
    ht32f5xxxx_01_it.o(i.GPTM0_IRQHandler) refers to service_logic_manage.o(.data) for calibration_status
    ht32f5xxxx_01_it.o(i.GPTM0_IRQHandler) refers to head.o(.data) for MiddleButtonStart
[...]
    _printf_l                                0x00000000   Number         0  stubs.o ABSOLUTE
    _printf_lc                               0x00000000   Number         0  stubs.o ABSOLUTE
    _printf_ll                               0x00000000   Number         0  stubs.o ABSOLUTE
    _printf_lld                              0x00000000   Number         0  stubs.o ABSOLUTE
    _printf_lli                              0x00000000   Number         0  stubs.o ABSOLUTE
    _printf_llo                              0x00000000   Number         0  stubs.o ABSOLUTE
    _printf_llu                              0x00000000   Number         0  stubs.o ABSOLUTE
    _printf_llx                              0x00000000   Number         0  stubs.o ABSOLUTE
    _printf_longlong_dec                     0x00000000   Number         0  stubs.o ABSOLUTE
    _printf_longlong_hex                     0x00000000   Number         0  stubs.o ABSOLUTE
    _printf_longlong_oct                     0x00000000   Number         0  stubs.o ABSOLUTE
    _printf_ls                               0x00000000   Number         0  stubs.o ABSOLUTE
    _printf_mbtowc                           0x00000000   Number         0  stubs.o ABSOLUTE
    _printf_n                                0x00000000   Number         0  stubs.o ABSOLUTE
    _printf_o                                0x00000000   Number         0  stubs.o ABSOLUTE
    _printf_p                                0x00000000   Number         0  stubs.o ABSOLUTE
    _printf_percent                          0x00000000   Number         0  stubs.o ABSOLUTE
    _printf_pre_padding                      0x00000000   Number         0  stubs.o ABSOLUTE
    _printf_return_value                     0x00000000   Number         0  stubs.o ABSOLUTE
    _printf_s                                0x00000000   Number         0  stubs.o ABSOLUTE
    _printf_sizespec                         0x00000000   Number         0  stubs.o ABSOLUTE
    _printf_str                              0x00000000   Number         0  stubs.o ABSOLUTE
    _printf_truncate_signed                  0x00000000   Number         0  stubs.o ABSOLUTE
    _printf_truncate_unsigned                0x00000000   Number         0  stubs.o ABSOLUTE
    _printf_u                                0x00000000   Number         0  stubs.o ABSOLUTE
    _printf_wc                               0x00000000   Number         0  stubs.o ABSOLUTE
    _printf_wctomb                           0x00000000   Number         0  stubs.o ABSOLUTE
    _printf_widthprec                        0x00000000   Number         0  stubs.o ABSOLUTE
    _printf_x                                0x00000000   Number         0  stubs.o ABSOLUTE
    __cpp_initialize__aeabi_                  - Undefined Weak Reference
    __cxa_finalize                            - Undefined Weak Reference
    _clock_init                               - Undefined Weak Reference
    _microlib_exit                            - Undefined Weak Reference
    __Vectors                                0x00001000   Data           0  startup_ht32f5xxxx_01.o(RESET)
    Reset_Handler                            0x000010ad   Thumb Code    12  startup_ht32f5xxxx_01.o(RESET)
    AES_IRQHandler                           0x00001121   Thumb Code     0  startup_ht32f5xxxx_01.o(RESET)
    BFTM1_IRQHandler                         0x00001121   Thumb Code     0  startup_ht32f5xxxx_01.o(RESET)
    COMP_IRQHandler                          0x00001121   Thumb Code     0  startup_ht32f5xxxx_01.o(RESET)
    FLASH_IRQHandler                         0x00001121   Thumb Code     0  startup_ht32f5xxxx_01.o(RESET)
    GPTM1_IRQHandler                         0x00001121   Thumb Code     0  startup_ht32f5xxxx_01.o(RESET)
    I2C0_IRQHandler                          0x00001121   Thumb Code     0  startup_ht32f5xxxx_01.o(RESET)
    I2C1_IRQHandler                          0x00001121   Thumb Code     0  startup_ht32f5xxxx_01.o(RESET)
    I2C2_IRQHandler                          0x00001121   Thumb Code     0  startup_ht32f5xxxx_01.o(RESET)
    I2S_IRQHandler                           0x00001121   Thumb Code     0  startup_ht32f5xxxx_01.o(RESET)
    MCTM0_IRQHandler                         0x00001121   Thumb Code     0  startup_ht32f5xxxx_01.o(RESET)
    MIDI_IRQHandler                          0x00001121   Thumb Code     0  startup_ht32f5xxxx_01.o(RESET)
    PDMA_CH0_1_IRQHandler                    0x00001121   Thumb Code     0  startup_ht32f5xxxx_01.o(RESET)
    PDMA_CH2_5_IRQHandler                    0x00001121   Thumb Code     0  startup_ht32f5xxxx_01.o(RESET)
    PWM0_IRQHandler                          0x00001121   Thumb Code     0  startup_ht32f5xxxx_01.o(RESET)
    PWM1_IRQHandler                          0x00001121   Thumb Code     0  startup_ht32f5xxxx_01.o(RESET)
    QSPI_IRQHandler                          0x00001121   Thumb Code     0  startup_ht32f5xxxx_01.o(RESET)
    SCI_IRQHandler                           0x00001121   Thumb Code     0  startup_ht32f5xxxx_01.o(RESET)
    SCTM0_IRQHandler                         0x00001121   Thumb Code     0  startup_ht32f5xxxx_01.o(RESET)
    SCTM1_IRQHandler                         0x00001121   Thumb Code     0  startup_ht32f5xxxx_01.o(RESET)
    SCTM2_IRQHandler                         0x00001121   Thumb Code     0  startup_ht32f5xxxx_01.o(RESET)
    SCTM3_IRQHandler                         0x00001121   Thumb Code     0  startup_ht32f5xxxx_01.o(RESET)
    SPI0_IRQHandler                          0x00001121   Thumb Code     0  startup_ht32f5xxxx_01.o(RESET)
    SPI1_IRQHandler                          0x00001121   Thumb Code     0  startup_ht32f5xxxx_01.o(RESET)
    UART2_IRQHandler                         0x00001121   Thumb Code     0  startup_ht32f5xxxx_01.o(RESET)
    UART3_IRQHandler                         0x00001121   Thumb Code     0  startup_ht32f5xxxx_01.o(RESET)
    USART1_IRQHandler                        0x00001121   Thumb Code     0  startup_ht32f5xxxx_01.o(RESET)
    USB_IRQHandler                           0x00001121   Thumb Code     0  startup_ht32f5xxxx_01.o(RESET)
    __main                                   0x00001151   Thumb Code     0  entry.o(.ARM.Collect$$$$00000000)
    _main_stk                                0x00001151   Thumb Code     0  entry2.o(.ARM.Collect$$$$00000001)
    _main_scatterload                        0x00001155   Thumb Code     0  entry5.o(.ARM.Collect$$$$00000004)
    __main_after_scatterload                 0x00001159   Thumb Code     0  entry5.o(.ARM.Collect$$$$00000004)
    _main_clock                              0x00001159   Thumb Code     0  entry7b.o(.ARM.Collect$$$$00000008)
    _main_cpp_init                           0x00001159   Thumb Code     0  entry8b.o(.ARM.Collect$$$$0000000A)
    _main_init                               0x00001159   Thumb Code     0  entry9a.o(.ARM.Collect$$$$0000000B)
    __rt_final_cpp                           0x00001161   Thumb Code     0  entry10a.o(.ARM.Collect$$$$0000000D)
    __rt_final_exit                          0x00001161   Thumb Code     0  entry11a.o(.ARM.Collect$$$$0000000F)
    __aeabi_uidiv                            0x00001165   Thumb Code     0  uidiv.o(.text)
    __aeabi_uidivmod                         0x00001165   Thumb Code    44  uidiv.o(.text)
    __aeabi_idiv                             0x00001191   Thumb Code     0  idiv.o(.text)
    __aeabi_idivmod                          0x00001191   Thumb Code    40  idiv.o(.text)
    __aeabi_ldivmod                          0x000011b9   Thumb Code    76  ldiv.o(.text)
    __aeabi_lmul                             0x00001205   Thumb Code   122  llmul.o(.text)
    _ll_mul                                  0x00001205   Thumb Code     0  llmul.o(.text)
    isdigit                                  0x0000127f   Thumb Code    12  isdigit_c.o(.text)
    isspace                                  0x0000128b   Thumb Code    14  isspace_c.o(.text)
    localtime                                0x00001299   Thumb Code   104  localtime.o(.text)
    __aeabi_memcpy                           0x00001311   Thumb Code    36  memcpya.o(.text)
    __aeabi_memcpy4                          0x00001311   Thumb Code     0  memcpya.o(.text)
    __aeabi_memcpy8                          0x00001311   Thumb Code     0  memcpya.o(.text)
    __aeabi_memset                           0x00001335   Thumb Code    14  memseta.o(.text)
    __aeabi_memset4                          0x00001335   Thumb Code     0  memseta.o(.text)
    __aeabi_memset8                          0x00001335   Thumb Code     0  memseta.o(.text)
    __aeabi_memclr                           0x00001343   Thumb Code     4  memseta.o(.text)
    __aeabi_memclr4                          0x00001343   Thumb Code     0  memseta.o(.text)
    __aeabi_memclr8                          0x00001343   Thumb Code     0  memseta.o(.text)
    _memset$wrapper                          0x00001347   Thumb Code    18  memseta.o(.text)
    memcmp                                   0x00001359   Thumb Code    26  memcmp.o(.text)
    __aeabi_uread4                           0x00001373   Thumb Code    20  uread4.o(.text)
    __rt_uread4                              0x00001373   Thumb Code     0  uread4.o(.text)
    _uread4                                  0x00001373   Thumb Code     0  uread4.o(.text)
    __aeabi_fadd                             0x00001387   Thumb Code   162  fadd.o(.text)
    __aeabi_fsub                             0x00001429   Thumb Code     8  fadd.o(.text)
    __aeabi_frsub                            0x00001431   Thumb Code     8  fadd.o(.text)
    __aeabi_fmul                             0x00001439   Thumb Code   122  fmul.o(.text)
    __ARM_scalbnf                            0x000014b3   Thumb Code    24  fscalb.o(.text)
    scalbnf                                  0x000014b3   Thumb Code     0  fscalb.o(.text)
    __aeabi_i2f                              0x000014cb   Thumb Code    22  fflti.o(.text)
    __aeabi_ui2f                             0x000014e1   Thumb Code    14  ffltui.o(.text)
    __aeabi_f2iz                             0x000014ef   Thumb Code    50  ffixi.o(.text)
    __aeabi_f2uiz                            0x00001521   Thumb Code    40  ffixui.o(.text)
    __aeabi_cfcmpeq                          0x00001549   Thumb Code     0  cfcmple.o(.text)
    __aeabi_cfcmple                          0x00001549   Thumb Code    20  cfcmple.o(.text)
    __aeabi_uldivmod                         0x0000155d   Thumb Code    96  uldiv.o(.text)
    __aeabi_llsl                             0x000015bd   Thumb Code    32  llshl.o(.text)
    _ll_shift_l                              0x000015bd   Thumb Code     0  llshl.o(.text)
    __ctype_lookup                           0x000015dd   Thumb Code    32  ctype_c.o(.text)
    __I$use$fp                               0x00001601   Thumb Code     0  iusefp.o(.text)
    _float_round                             0x00001601   Thumb Code    16  fepilogue.o(.text)
    _float_epilogue                          0x00001611   Thumb Code   114  fepilogue.o(.text)
    __scatterload                            0x00001685   Thumb Code    28  init.o(.text)
    __scatterload_rt2                        0x00001685   Thumb Code     0  init.o(.text)
    __aeabi_llsr                             0x000016a9   Thumb Code    34  llushr.o(.text)
    _ll_ushift_r                             0x000016a9   Thumb Code     0  llushr.o(.text)
    __decompress                             0x000016cb   Thumb Code     0  __dczerorl.o(.text)
    __decompress0                            0x000016cb   Thumb Code    58  __dczerorl.o(.text)
    ADC_Cmd                                  0x00001705   Thumb Code    18  ht32f5xxxx_adc.o(i.ADC_Cmd)
    ADC_DeInit                               0x00001717   Thumb Code    18  ht32f5xxxx_adc.o(i.ADC_DeInit)
    ADC_IRQHandler                           0x00001729   Thumb Code     2  ht32f5xxxx_01_it.o(i.ADC_IRQHandler)
    ADC_IntConfig                            0x0000172b   Thumb Code    18  ht32f5xxxx_adc.o(i.ADC_IntConfig)
    ADC_RegularChannelConfig                 0x0000173d   Thumb Code    28  ht32f5xxxx_adc.o(i.ADC_RegularChannelConfig)
    ADC_RegularGroupConfig                   0x00001759   Thumb Code    26  ht32f5xxxx_adc.o(i.ADC_RegularGroupConfig)
    ADC_RegularTrigConfig                    0x00001773   Thumb Code    14  ht32f5xxxx_adc.o(i.ADC_RegularTrigConfig)
    ADC_SoftwareStartConvCmd                 0x00001781   Thumb Code    20  ht32f5xxxx_adc.o(i.ADC_SoftwareStartConvCmd)
    AFIO_EXTISourceConfig                    0x00001795   Thumb Code    38  ht32f5xxxx_gpio.o(i.AFIO_EXTISourceConfig)
    AFIO_GPxConfig                           0x000017c1   Thumb Code    82  ht32f5xxxx_gpio.o(i.AFIO_GPxConfig)
    BFTM0_IRQHandler                         0x00001819   Thumb Code    42  ht32f5xxxx_01_it.o(i.BFTM0_IRQHandler)
    BFTM_ClearFlag                           0x00001859   Thumb Code    14  ht32f5xxxx_bftm.o(i.BFTM_ClearFlag)
    BFTM_EnaCmd                              0x00001867   Thumb Code    18  ht32f5xxxx_bftm.o(i.BFTM_EnaCmd)
    BFTM_IntConfig                           0x00001879   Thumb Code    20  ht32f5xxxx_bftm.o(i.BFTM_IntConfig)
    BFTM_OneShotModeCmd                      0x0000188d   Thumb Code    18  ht32f5xxxx_bftm.o(i.BFTM_OneShotModeCmd)
    BFTM_SetCompare                          0x0000189f   Thumb Code     4  ht32f5xxxx_bftm.o(i.BFTM_SetCompare)
    BFTM_SetCounter                          0x000018a3   Thumb Code     4  ht32f5xxxx_bftm.o(i.BFTM_SetCounter)
    CKCU_GetClockReadyStatus                 0x000018a9   Thumb Code    16  ht32f5xxxx_ckcu.o(i.CKCU_GetClockReadyStatus)
    CKCU_GetClocksFrequency                  0x000018bd   Thumb Code    98  ht32f5xxxx_ckcu.o(i.CKCU_GetClocksFrequency)
    CKCU_GetPLLFrequency                     0x00001929   Thumb Code    50  ht32f5xxxx_ckcu.o(i.CKCU_GetPLLFrequency)
    CKCU_GetPeripFrequency                   0x00001965   Thumb Code    48  ht32f5xxxx_ckcu.o(i.CKCU_GetPeripFrequency)
    CKCU_PeripClockConfig                    0x00001999   Thumb Code    34  ht32f5xxxx_ckcu.o(i.CKCU_PeripClockConfig)
    Coundownflag_EraseWrite                  0x000019e1   Thumb Code    24  tst_function.o(i.Coundownflag_EraseWrite)
    Coundownswitch_EraseWrite                0x00001a01   Thumb Code    24  tst_function.o(i.Coundownswitch_EraseWrite)
    CountdownFlashDataHandle                 0x00001a21   Thumb Code   174  head.o(i.CountdownFlashDataHandle)
    CurtainModeEraseWrite                    0x00001b51   Thumb Code     2  tst_function.o(i.CurtainModeEraseWrite)
    EVWUP_IRQHandler                         0x00001b55   Thumb Code    80  ht32f5xxxx_01_it.o(i.EVWUP_IRQHandler)
    EXTI0_1_IRQHandler                       0x00001bb5   Thumb Code     8  ht32f5xxxx_01_it.o(i.EXTI0_1_IRQHandler)
    EXTI2_3_IRQHandler                       0x00001bbd   Thumb Code     8  ht32f5xxxx_01_it.o(i.EXTI2_3_IRQHandler)
    EXTI4_15_IRQHandler                      0x00001bc5   Thumb Code     8  ht32f5xxxx_01_it.o(i.EXTI4_15_IRQHandler)
    EXTI_ClearEdgeFlag                       0x00001bcd   Thumb Code    12  ht32f5xxxx_exti.o(i.EXTI_ClearEdgeFlag)
    EXTI_ClearWakeupFlag                     0x00001bdd   Thumb Code    14  ht32f5xxxx_exti.o(i.EXTI_ClearWakeupFlag)
    EXTI_GetEdgeStatus                       0x00001bf1   Thumb Code    34  ht32f5xxxx_exti.o(i.EXTI_GetEdgeStatus)
    EXTI_Init                                0x00001c19   Thumb Code    26  ht32f5xxxx_exti.o(i.EXTI_Init)
    EXTI_IntConfig                           0x00001c39   Thumb Code    22  ht32f5xxxx_exti.o(i.EXTI_IntConfig)
    EXTI_WakeupEventConfig                   0x00001c55   Thumb Code    40  ht32f5xxxx_exti.o(i.EXTI_WakeupEventConfig)
    EXTI_WakeupEventIntConfig                0x00001c81   Thumb Code    24  ht32f5xxxx_exti.o(i.EXTI_WakeupEventIntConfig)
    Exit_Init                                0x00001c9d   Thumb Code   390  low_power_iniit.o(i.Exit_Init)
    FLASH_ErasePage                          0x00001e35   Thumb Code    20  ht32f5xxxx_flash.o(i.FLASH_ErasePage)
    FLASH_GetOptionByteStatus                0x00001e4d   Thumb Code    42  ht32f5xxxx_flash.o(i.FLASH_GetOptionByteStatus)
    FLASH_ProgramWordData                    0x00001e7d   Thumb Code    22  ht32f5xxxx_flash.o(i.FLASH_ProgramWordData)
    FLASH_WaitForOperationEnd                0x00001e99   Thumb Code    70  ht32f5xxxx_flash.o(i.FLASH_WaitForOperationEnd)
    GPIO_DirectionConfig                     0x00001ee9   Thumb Code    16  ht32f5xxxx_gpio.o(i.GPIO_DirectionConfig)
    GPIO_DriveConfig                         0x00001ef9   Thumb Code    48  ht32f5xxxx_gpio.o(i.GPIO_DriveConfig)
    GPIO_InputConfig                         0x00001f29   Thumb Code    16  ht32f5xxxx_gpio.o(i.GPIO_InputConfig)
    GPIO_PullResistorConfig                  0x00001f39   Thumb Code    42  ht32f5xxxx_gpio.o(i.GPIO_PullResistorConfig)
    GPIO_ReadInBit                           0x00001f63   Thumb Code    10  ht32f5xxxx_gpio.o(i.GPIO_ReadInBit)
    GPIO_WriteOutBits                        0x00001f6d   Thumb Code    12  ht32f5xxxx_gpio.o(i.GPIO_WriteOutBits)
    GPTM0_IRQHandler                         0x00001f79   Thumb Code   324  ht32f5xxxx_01_it.o(i.GPTM0_IRQHandler)
    HardFault_Handler                        0x00002101   Thumb Code    10  ht32f5xxxx_01_it.o(i.HardFault_Handler)
    I4CalibraERRHander                       0x00002111   Thumb Code    80  tst_function.o(i.I4CalibraERRHander)
    I4CompleteHandler                        0x00002179   Thumb Code   270  tst_function.o(i.I4CompleteHandler)
    I4CountdownDataClear                     0x00002331   Thumb Code    76  head.o(i.I4CountdownDataClear)
    I4CourseDirection                        0x00002381   Thumb Code    38  protocol.o(i.I4CourseDirection)
    I4LaunchHandler                          0x000023ad   Thumb Code   112  tst_function.o(i.I4LaunchHandler)
    I4ReturnJourneyHandler                   0x00002465   Thumb Code   120  tst_function.o(i.I4ReturnJourneyHandler)
    I4ReturnManualHandler                    0x000024fd   Thumb Code   170  tst_function.o(i.I4ReturnManualHandler)
    I4TimerDataClear                         0x000025bd   Thumb Code    92  head.o(i.I4TimerDataClear)
    I4_FullInspection                        0x0000261d   Thumb Code   180  head.o(i.I4_FullInspection)
    I4_LEDHandler                            0x000026ed   Thumb Code    92  head.o(i.I4_LEDHandler)
    I4_LedTwinkle                            0x00002755   Thumb Code    34  head.o(i.I4_LedTwinkle)
    I4_LockedRotorCallback                   0x0000277d   Thumb Code    64  head.o(i.I4_LockedRotorCallback)
    I4_MainTask                              0x000027c1   Thumb Code    50  head.o(i.I4_MainTask)
    I4_ProductionTest                        0x000027f9   Thumb Code    88  head.o(i.I4_ProductionTest)
    I4_Timecallback                          0x0000285d   Thumb Code   198  head.o(i.I4_Timecallback)
    LEDFlashingCALLBack                      0x00002959   Thumb Code    76  head.o(i.LEDFlashingCALLBack)
    LEDFlashing_1s                           0x000029b1   Thumb Code    26  head.o(i.LEDFlashing_1s)
    LVD_BOD_IRQHandler                       0x000029d9   Thumb Code    48  ht32f5xxxx_01_it.o(i.LVD_BOD_IRQHandler)
    LockedRotorDetection                     0x00002a29   Thumb Code   100  head.o(i.LockedRotorDetection)
    LockedRotorMotorCallback                 0x00002acd   Thumb Code    46  head.o(i.LockedRotorMotorCallback)
    MCTM_CHMOECmd                            0x00002b01   Thumb Code    18  ht32f5xxxx_mctm.o(i.MCTM_CHMOECmd)
    NMI_Handler                              0x00002c55   Thumb Code     2  ht32f5xxxx_01_it.o(i.NMI_Handler)
    NVIC_SetVectorTable                      0x00002c6d   Thumb Code    12  ht32_cm0plus_misc.o(i.NVIC_SetVectorTable)
    NoNetworkLedFlashing                     0x00002c81   Thumb Code    92  head.o(i.NoNetworkLedFlashing)
    PB2_PWM_INIT                             0x00002ced   Thumb Code   122  motor_init.o(i.PB2_PWM_INIT)
    PB3_PWM_INIT                             0x00002d71   Thumb Code   128  motor_init.o(i.PB3_PWM_INIT)
    PWRCU_BODCmd                             0x00002df9   Thumb Code    22  ht32f5xxxx_pwrcu.o(i.PWRCU_BODCmd)
    PWRCU_BODRISConfig                       0x00002e15   Thumb Code    20  ht32f5xxxx_pwrcu.o(i.PWRCU_BODRISConfig)
    PWRCU_DeInit                             0x00002e2d   Thumb Code    22  ht32f5xxxx_pwrcu.o(i.PWRCU_DeInit)
    PWRCU_DeepSleep2                         0x00002e49   Thumb Code    92  ht32f5xxxx_pwrcu.o(i.PWRCU_DeepSleep2)
    PWRCU_GetLVDFlagStatus                   0x00002eb1   Thumb Code    10  ht32f5xxxx_pwrcu.o(i.PWRCU_GetLVDFlagStatus)
    PWRCU_LVDCmd                             0x00002ec1   Thumb Code    22  ht32f5xxxx_pwrcu.o(i.PWRCU_LVDCmd)
    PWRCU_LVDIntWakeupConfig                 0x00002edd   Thumb Code    22  ht32f5xxxx_pwrcu.o(i.PWRCU_LVDIntWakeupConfig)
    PWRCU_SetLVDS                            0x00002ef9   Thumb Code    16  ht32f5xxxx_pwrcu.o(i.PWRCU_SetLVDS)
    Pause_handler                            0x00002f0d   Thumb Code   230  head.o(i.Pause_handler)
    PendSV_Handler                           0x000030a5   Thumb Code     2  ht32f5xxxx_01_it.o(i.PendSV_Handler)
    Percentage_control                       0x000030a7   Thumb Code     2  tst_function.o(i.Percentage_control)
    Production_test_Read_Byte                0x000030a9   Thumb Code    50  head.o(i.Production_test_Read_Byte)
    Production_test_input                    0x000030e9   Thumb Code    44  head.o(i.Production_test_input)
    Queue_Read_Byte                          0x00003121   Thumb Code    30  system.o(i.Queue_Read_Byte)
    RSTCU_PeripReset                         0x0000314d   Thumb Code    34  ht32f5xxxx_rstcu.o(i.RSTCU_PeripReset)
    RTC_ClockSourceConfig                    0x00003175   Thumb Code    16  ht32f5xxxx_rtc.o(i.RTC_ClockSourceConfig)
    RTC_Cmd                                  0x00003189   Thumb Code    22  ht32f5xxxx_rtc.o(i.RTC_Cmd)
    RTC_GetCounter                           0x000031a5   Thumb Code     6  ht32f5xxxx_rtc.o(i.RTC_GetCounter)
    RTC_GetFlagStatus                        0x000031b1   Thumb Code     8  ht32f5xxxx_rtc.o(i.RTC_GetFlagStatus)
    RTC_IRQHandler                           0x000031bd   Thumb Code    18  ht32f5xxxx_01_it.o(i.RTC_IRQHandler)
    RTC_IntConfig                            0x000031d5   Thumb Code    18  ht32f5xxxx_rtc.o(i.RTC_IntConfig)
    RTC_LSECmd                               0x000031ed   Thumb Code    36  ht32f5xxxx_rtc.o(i.RTC_LSECmd)
    RTC_LSESMConfig                          0x00003219   Thumb Code    16  ht32f5xxxx_rtc.o(i.RTC_LSESMConfig)
    RTC_SetCompare                           0x0000322d   Thumb Code     6  ht32f5xxxx_rtc.o(i.RTC_SetCompare)
    RTC_SetPrescaler                         0x00003239   Thumb Code    16  ht32f5xxxx_rtc.o(i.RTC_SetPrescaler)
    RTC_WakeupConfig                         0x0000324d   Thumb Code    18  ht32f5xxxx_rtc.o(i.RTC_WakeupConfig)
    SVC_Handler                              0x00003265   Thumb Code     2  ht32f5xxxx_01_it.o(i.SVC_Handler)
    SYSTICK_ClockSourceConfig                0x00003269   Thumb Code    20  ht32_cm0plus_misc.o(i.SYSTICK_ClockSourceConfig)
    SYSTICK_CounterCmd                       0x00003281   Thumb Code    32  ht32_cm0plus_misc.o(i.SYSTICK_CounterCmd)
    SYSTICK_IntConfig                        0x000032a5   Thumb Code    20  ht32_cm0plus_misc.o(i.SYSTICK_IntConfig)
    SYSTICK_SetReloadValue                   0x000032bd   Thumb Code     6  ht32_cm0plus_misc.o(i.SYSTICK_SetReloadValue)
    SysTick_Handler                          0x000032c9   Thumb Code     8  ht32f5xxxx_01_it.o(i.SysTick_Handler)
    SystemInit                               0x000032d1   Thumb Code   224  system_ht32f5xxxx_02.o(i.SystemInit)
    TM_ClearFlag                             0x000033c5   Thumb Code    10  ht32f5xxxx_tm.o(i.TM_ClearFlag)
    TM_Cmd                                   0x000033cf   Thumb Code    20  ht32f5xxxx_tm.o(i.TM_Cmd)
    TM_DeInit                                0x000033e5   Thumb Code    78  ht32f5xxxx_tm.o(i.TM_DeInit)
    TM_IntConfig                             0x0000344d   Thumb Code    16  ht32f5xxxx_tm.o(i.TM_IntConfig)
    TM_OutputInit                            0x0000345d   Thumb Code   156  ht32f5xxxx_tm.o(i.TM_OutputInit)
    TM_TimeBaseInit                          0x000034fd   Thumb Code    58  ht32f5xxxx_tm.o(i.TM_TimeBaseInit)
    TimerFlashDataHandle                     0x0000353d   Thumb Code    52  head.o(i.TimerFlashDataHandle)
    Timing_echofun                           0x0000357d   Thumb Code    62  tst_function.o(i.Timing_echofun)
    Timing_task_program                      0x000035c1   Thumb Code   540  tst_function.o(i.Timing_task_program)
    UART0_IRQHandler                         0x00003881   Thumb Code    26  ht32f5xxxx_01_it.o(i.UART0_IRQHandler)
    UART1_IRQHandler                         0x000038a1   Thumb Code     2  ht32f5xxxx_01_it.o(i.UART1_IRQHandler)
    USART0_IRQHandler                        0x000038a3   Thumb Code    34  ht32f5xxxx_01_it.o(i.USART0_IRQHandler)
    USART_ClearFlag                          0x000038c5   Thumb Code     8  ht32f5xxxx_usart.o(i.USART_ClearFlag)
    USART_GetFlagStatus                      0x000038cd   Thumb Code    10  ht32f5xxxx_usart.o(i.USART_GetFlagStatus)
    USART_Init                               0x000038d9   Thumb Code    94  ht32f5xxxx_usart.o(i.USART_Init)
    USART_IntConfig                          0x00003945   Thumb Code    16  ht32f5xxxx_usart.o(i.USART_IntConfig)
    USART_SendData                           0x00003955   Thumb Code     4  ht32f5xxxx_usart.o(i.USART_SendData)
    USART_TxRxCmd                            0x00003959   Thumb Code    20  ht32f5xxxx_usart.o(i.USART_TxRxCmd)
    WriteFlashGlobalCallBack                 0x00003b49   Thumb Code    24  tst_function.o(i.WriteFlashGlobalCallBack)
    __0printf$5                              0x00003b69   Thumb Code    24  printf5.o(i.__0printf$5)
    __1printf$5                              0x00003b69   Thumb Code     0  printf5.o(i.__0printf$5)
    __2printf                                0x00003b69   Thumb Code     0  printf5.o(i.__0printf$5)
    __ARM_common_switch8                     0x00003b89   Thumb Code    26  ht32f5xxxx_ckcu.o(i.__ARM_common_switch8)
    __scatterload_copy                       0x00003ba3   Thumb Code    14  handlers.o(i.__scatterload_copy)
    __scatterload_null                       0x00003bb1   Thumb Code     2  handlers.o(i.__scatterload_null)
    __scatterload_zeroinit                   0x00003bb3   Thumb Code    14  handlers.o(i.__scatterload_zeroinit)
    adc_init                                 0x00003e9d   Thumb Code    98  adc_init.o(i.adc_init)
    alarm_perc_Boundary_process              0x00003f05   Thumb Code   130  tst_function.o(i.alarm_perc_Boundary_process)
    all_data_update                          0x00003f99   Thumb Code     2  protocol.o(i.all_data_update)
    all_data_update_fun                      0x00003f9d   Thumb Code   126  mcu_transplant.o(i.all_data_update_fun)
    arg_erase_write                          0x00004055   Thumb Code     2  tst_function.o(i.arg_erase_write)
    bftm_onfiguration                        0x00004059   Thumb Code    84  bftm_init.o(i.bftm_onfiguration)
    bt_factor_reset_notify                   0x000040bd   Thumb Code    56  protocol.o(i.bt_factor_reset_notify)
    bt_protocol_init                         0x00004101   Thumb Code    34  mcu_api.o(i.bt_protocol_init)
    bt_send_mcu_ver                          0x00004141   Thumb Code    30  protocol.o(i.bt_send_mcu_ver)
    bt_test_uart_service                     0x00004165   Thumb Code   270  mcu_api.o(i.bt_test_uart_service)
    bt_uart_service                          0x00004291   Thumb Code    72  mcu_api.o(i.bt_uart_service)
    bt_uart_write_frame                      0x000042e1   Thumb Code    70  system.o(i.bt_uart_write_frame)
    byte_to_int                              0x0000432d   Thumb Code    22  mcu_api.o(i.byte_to_int)
    calibration_test                         0x00004343   Thumb Code    20  tst_function.o(i.calibration_test)
    check_battery_level                      0x00004359   Thumb Code   160  adc_init.o(i.check_battery_level)
    check_time_zone                          0x0000445d   Thumb Code    46  head.o(i.check_time_zone)
    clock_config                             0x0000448d   Thumb Code    18  motor_init.o(i.clock_config)
    close_curtain                            0x000044a5   Thumb Code   142  motor_init.o(i.close_curtain)
    data_handle                              0x0000457d   Thumb Code   710  system.o(i.data_handle)
    delay1s                                  0x000048a9   Thumb Code    18  mcu_ota_handler.o(i.delay1s)
    dismiss_bind                             0x000048c1   Thumb Code    44  tst_function.o(i.dismiss_bind)
    dp_curtain_timer_task                    0x000048f1   Thumb Code   522  protocol.o(i.dp_curtain_timer_task)
    dp_download_curtain_countdown_time       0x00004c49   Thumb Code   368  protocol.o(i.dp_download_curtain_countdown_time)
    dp_download_handle                       0x00004dfd   Thumb Code   464  protocol.o(i.dp_download_handle)
    fputc                                    0x000050ad   Thumb Code    34  main_callfun.o(i.fputc)
    fun_setup_interrupt                      0x000050cf   Thumb Code    20  head.o(i.fun_setup_interrupt)
    get_check_sum                            0x000050e3   Thumb Code    28  tybn1_init.o(i.get_check_sum)
    get_check_sums                           0x000050ff   Thumb Code    28  system.o(i.get_check_sums)
    get_download_cmd_total                   0x0000511b   Thumb Code     4  protocol.o(i.get_download_cmd_total)
    get_mcu_bt_mode                          0x0000511f   Thumb Code    12  system.o(i.get_mcu_bt_mode)
    get_queue_total_data                     0x0000512d   Thumb Code    18  system.o(i.get_queue_total_data)
    get_real_time                            0x00005145   Thumb Code    48  tybn1_init.o(i.get_real_time)
    global_arg_fun                           0x00005179   Thumb Code    58  tst_function.o(i.global_arg_fun)
    gpio_init                                0x000051c9   Thumb Code   358  gpio_init.o(i.gpio_init)
    gptm0_onfiguration                       0x0000533d   Thumb Code    90  gptm0_init.o(i.gptm0_onfiguration)
    heat_beat_check                          0x000053a5   Thumb Code    42  system.o(i.heat_beat_check)
    key_delay_process_callback               0x00005401   Thumb Code    12  head.o(i.key_delay_process_callback)
    key_delay_process_start                  0x00005411   Thumb Code    14  head.o(i.key_delay_process_start)
    key_init                                 0x00005425   Thumb Code   250  gpio_init.o(i.key_init)
    license_readback                         0x0000552d   Thumb Code    20  main.o(i.license_readback)
    low_power_consump_fun                    0x00005541   Thumb Code   174  head.o(i.low_power_consump_fun)
    low_power_init                           0x00005619   Thumb Code     8  low_power_iniit.o(i.low_power_init)
    main                                     0x00005621   Thumb Code   158  main.o(i.main)
    mcu_device_delay_restart                 0x000058b1   Thumb Code    20  mcu_ota_handler.o(i.mcu_device_delay_restart)
    mcu_dp_bool_update                       0x000058cd   Thumb Code    66  mcu_api.o(i.mcu_dp_bool_update)
    mcu_dp_enum_update                       0x00005915   Thumb Code    58  mcu_api.o(i.mcu_dp_enum_update)
    mcu_dp_fault_update                      0x00005955   Thumb Code    98  mcu_api.o(i.mcu_dp_fault_update)
    mcu_dp_raw_update                        0x000059bd   Thumb Code    62  mcu_api.o(i.mcu_dp_raw_update)
    mcu_dp_value_update                      0x00005a01   Thumb Code    80  mcu_api.o(i.mcu_dp_value_update)
    mcu_flash_erase                          0x00005a55   Thumb Code    26  mcu_ota_handler.o(i.mcu_flash_erase)
    mcu_flash_read                           0x00005a6f   Thumb Code    50  mcu_ota_handler.o(i.mcu_flash_read)
    mcu_flash_write                          0x00005aa1   Thumb Code    72  mcu_ota_handler.o(i.mcu_flash_write)
    mcu_get_dp_download_enum                 0x00005ae9   Thumb Code     4  mcu_api.o(i.mcu_get_dp_download_enum)
    mcu_get_dp_download_value                0x00005aed   Thumb Code     8  mcu_api.o(i.mcu_get_dp_download_value)
    mcu_ota_init                             0x00005db5   Thumb Code    14  mcu_ota_handler.o(i.mcu_ota_init)
    mcu_ota_init_disconnect                  0x00005dc9   Thumb Code    36  mcu_ota_handler.o(i.mcu_ota_init_disconnect)
    mcu_ota_proc                             0x00005e69   Thumb Code   114  mcu_ota_handler.o(i.mcu_ota_proc)
    motor_pwr                                0x00005ee1   Thumb Code    48  motor_init.o(i.motor_pwr)
    motor_stop                               0x00005f15   Thumb Code    26  motor_init.o(i.motor_stop)
    motor_turn                               0x00005f31   Thumb Code   524  tst_function.o(i.motor_turn)
    ms_delay_systick                         0x0000619d   Thumb Code    40  systick_init.o(i.ms_delay_systick)
    my_atoll                                 0x000061c9   Thumb Code   128  mcu_api.o(i.my_atoll)
    my_memcmp                                0x00006249   Thumb Code    34  mcu_api.o(i.my_memcmp)
    my_memcpy                                0x0000626b   Thumb Code    64  mcu_api.o(i.my_memcpy)
    my_memset                                0x000062ab   Thumb Code    24  mcu_api.o(i.my_memset)
    my_strlen                                0x000062c3   Thumb Code    22  mcu_api.o(i.my_strlen)
    open_curtain                             0x000063a9   Thumb Code   140  motor_init.o(i.open_curtain)
    perc_Boundary_process                    0x00006441   Thumb Code   124  tst_function.o(i.perc_Boundary_process)
    product_info_update                      0x000064e5   Thumb Code    48  system.o(i.product_info_update)
    rf_test                                  0x00006529   Thumb Code    44  head.o(i.rf_test)
    rtc_init                                 0x00006559   Thumb Code    80  rtc_init.o(i.rtc_init)
    set_bt_uart_buffer                       0x000065ad   Thumb Code    22  system.o(i.set_bt_uart_buffer)
    set_bt_uart_byte                         0x000065c9   Thumb Code    12  system.o(i.set_bt_uart_byte)
    stop_fun                                 0x000065d9   Thumb Code   192  tst_function.o(i.stop_fun)
    systick_init                             0x000066cd   Thumb Code    34  systick_init.o(i.systick_init)
    timer_curtain_control                    0x000066f5   Thumb Code   290  protocol.o(i.timer_curtain_control)
    timer_curtain_control_callback           0x00006841   Thumb Code   170  head.o(i.timer_curtain_control_callback)
    timing_delay                             0x00006929   Thumb Code    16  systick_init.o(i.timing_delay)
    tybn1_join_sleep_mode                    0x0000693d   Thumb Code    22  tybn1_init.o(i.tybn1_join_sleep_mode)
    tybn1_out_sleep_mode                     0x00006959   Thumb Code    16  protocol.o(i.tybn1_out_sleep_mode)
    uart0_init                               0x0000696d   Thumb Code   106  uart0_init.o(i.uart0_init)
    uart0_send                               0x000069e1   Thumb Code    42  uart0_init.o(i.uart0_send)
    uart_receive_input                       0x00006a11   Thumb Code    48  mcu_api.o(i.uart_receive_input)
    uart_transmit_output                     0x00006a55   Thumb Code     8  protocol.o(i.uart_transmit_output)
    uart_transmit_output_fun                 0x00006a5d   Thumb Code    34  mcu_transplant.o(i.uart_transmit_output_fun)
    update_battery_value                     0x00006a85   Thumb Code    62  tst_function.o(i.update_battery_value)
    update_calibrstatus                      0x00006ac9   Thumb Code    62  head.o(i.update_calibrstatus)
    update_current_runtime                   0x00006b0d   Thumb Code    74  protocol.o(i.update_current_runtime)
    update_curtain_position                  0x00006b5d   Thumb Code    76  head.o(i.update_curtain_position)
    usart0_init                              0x00006bc1   Thumb Code   108  usart0_init.o(i.usart0_init)
    usart0_send                              0x00006c31   Thumb Code    44  usart0_init.o(i.usart0_send)
    version_fun                              0x00006c5d   Thumb Code    16  head.o(i.version_fun)
    download_cmd                             0x00006c70   Data          38  protocol.o(.constdata)
    __ctype_categories                       0x00006cb2   Data          64  ctype_c.o(.constdata)
    Region$$Table$$Base                      0x00006cf4   Number         0  anon$$obj.o(Region$$Table)
    Region$$Table$$Limit                     0x00006d14   Number         0  anon$$obj.o(Region$$Table)
    i4_LowVlotageflag                        0x20000010   Data           1  ht32f5xxxx_01_it.o(.data)
    gptm0_second                             0x20000011   Data           1  ht32f5xxxx_01_it.o(.data)
    gptm0_minute                             0x20000012   Data           1  ht32f5xxxx_01_it.o(.data)
    gptm0_hour                               0x20000013   Data           1  ht32f5xxxx_01_it.o(.data)
    down_flag                                0x20000014   Data           1  ht32f5xxxx_01_it.o(.data)
    DetectionThresholdCNT                    0x20000018   Data           4  ht32f5xxxx_01_it.o(.data)
    gptm0_4low                               0x2000001c   Data           4  ht32f5xxxx_01_it.o(.data)
    gptm0_4clbr                              0x20000020   Data           4  ht32f5xxxx_01_it.o(.data)
    cnt_switch                               0x20000024   Data           4  ht32f5xxxx_01_it.o(.data)
    gptm0_cnt                                0x20000028   Data           4  ht32f5xxxx_01_it.o(.data)
    voltage_test                             0x2000002c   Data           4  ht32f5xxxx_01_it.o(.data)
    timediff                                 0x20000030   Data           4  ht32f5xxxx_01_it.o(.data)
    key_cnt                                  0x20000038   Data           4  ht32f5xxxx_01_it.o(.data)
    timer_second                             0x20000040   Data           8  ht32f5xxxx_01_it.o(.data)
    SystemCoreClock                          0x20000048   Data           4  system_ht32f5xxxx_02.o(.data)
    __stdout                                 0x2000004c   Data           4  ht32_retarget.o(.data)
    crcflag                                  0x20000052   Data           1  mcu_api.o(.data)
    Countdown_switch                         0x20000074   Data           1  protocol.o(.data)
    Exchange_percentage                      0x20000075   Data           1  protocol.o(.data)
    TimerDataLength                          0x20000076   Data           2  protocol.o(.data)
    CountdownLength                          0x20000078   Data           2  protocol.o(.data)
    CountdownGroup                           0x2000007a   Data           4  protocol.o(.data)
    Single_or_repeated_flag                  0x2000007e   Data           8  protocol.o(.data)
    reset_bt_flag                            0x20000089   Data           1  system.o(.data)
    bt_work_state                            0x2000008a   Data           1  system.o(.data)
    queue_in                                 0x2000008c   Data           4  system.o(.data)
    queue_out                                0x20000090   Data           4  system.o(.data)
    test_queue_in                            0x20000094   Data           4  system.o(.data)
    test_queue_out                           0x20000098   Data           4  system.o(.data)
    stop_update_flag                         0x2000009c   Data           1  system.o(.data)
    bftm_cnt                                 0x200000a4   Data           4  bftm_init.o(.data)
    low_power_event_flag                     0x200000a8   Data           4  low_power_iniit.o(.data)
    rtc_interrupt                            0x200000ac   Data           4  rtc_init.o(.data)
    wRtcCounterTmp                           0x200000b0   Data           4  rtc_init.o(.data)
    xRtcCounterTmp                           0x200000b4   Data           4  rtc_init.o(.data)
    flage_timer_on                           0x200000b8   Data           1  service_logic_manage.o(.data)
    count_down_action                        0x200000bc   Data           1  service_logic_manage.o(.data)
    calibration_status                       0x200000bd   Data           1  service_logic_manage.o(.data)
    calibration_operation                    0x200000be   Data           1  service_logic_manage.o(.data)
    calibration_operation_auto               0x200000bf   Data           1  service_logic_manage.o(.data)
    protect_current                          0x200000c0   Data           2  service_logic_manage.o(.data)
    timer_wday                               0x200000c4   Data           4  service_logic_manage.o(.data)
    timer_hours                              0x200000c8   Data           1  service_logic_manage.o(.data)
    timer_minutes                            0x200000c9   Data           1  service_logic_manage.o(.data)
    lssued_time                              0x200000cc   Data           4  service_logic_manage.o(.data)
    single_timing                            0x200000d0   Data           4  service_logic_manage.o(.data)
    curtain_mode                             0x200000d4   Data           1  service_logic_manage.o(.data)
    run_state                                0x200000dc   Data           1  tst_function.o(.data)
    crc_flag                                 0x200000dd   Data           1  tst_function.o(.data)
    CalibrMotor                              0x200000de   Data           1  tst_function.o(.data)
    key_up_flag                              0x200000df   Data           1  tst_function.o(.data)
    Moveflag                                 0x200000e0   Data           1  tst_function.o(.data)
    IS_CailbrationBack                       0x200000e1   Data           1  tst_function.o(.data)
    key_interrupt                            0x200000e2   Data           1  tst_function.o(.data)
    keyValue                                 0x200000e3   Data           1  tst_function.o(.data)
    keyenter                                 0x200000e4   Data           1  tst_function.o(.data)
    leftkey_up                               0x200000e5   Data           1  tst_function.o(.data)
    rightkey_up                              0x200000e6   Data           1  tst_function.o(.data)
    motor_current                            0x200000e8   Data           2  tst_function.o(.data)
    keytime1                                 0x200000ec   Data           4  tst_function.o(.data)
    keytime2                                 0x200000f0   Data           4  tst_function.o(.data)
    KeyControl                               0x200000f4   Data           1  head.o(.data)
    ledfalshswitch                           0x200000f5   Data           1  head.o(.data)
    lednetworkflag                           0x200000f6   Data           1  head.o(.data)
    fiveflag                                 0x200000f7   Data           1  head.o(.data)
    signPositive_inversion                   0x200000f8   Data           1  head.o(.data)
    vsignStopPercent                         0x200000f9   Data           1  head.o(.data)
    IsignDirection                           0x200000fa   Data           1  head.o(.data)
    IsignCalibrating                         0x200000fb   Data           1  head.o(.data)
    IsignStopPercent                         0x200000fc   Data           1  head.o(.data)
    signFullonfulloff                        0x200000fd   Data           1  head.o(.data)
    FirstStartSign                           0x200000fe   Data           1  head.o(.data)
    cFirstStartSign                          0x200000ff   Data           1  head.o(.data)
    RtcCntSign                               0x20000100   Data           1  head.o(.data)
    MotorRunStatus                           0x20000101   Data           1  head.o(.data)
    IS_Timezone                              0x20000102   Data           1  head.o(.data)
    IS_FullInspection                        0x20000103   Data           1  head.o(.data)
    Stallfalag                               0x20000104   Data           1  head.o(.data)
    ProductionTestFlag                       0x20000105   Data           1  head.o(.data)
    key_delay_process_flag                   0x20000106   Data           1  head.o(.data)
    ledflashingfalg                          0x20000107   Data           2  head.o(.data)
    VS_Timezonetime                          0x2000010a   Data           2  head.o(.data)
    percor                                   0x2000010c   Data           2  head.o(.data)
    VS_CurTime                               0x2000010e   Data           3  head.o(.data)
    versions                                 0x20000111   Data           3  head.o(.data)
    DatalenIn                                0x20000114   Data           4  head.o(.data)
    DatalenOUT                               0x20000118   Data           4  head.o(.data)
    ThereMinutes                             0x2000011c   Data           4  head.o(.data)
    ThereMinutesCnt                          0x20000120   Data           4  head.o(.data)
    CountdownrData                           0x20000124   Data           4  head.o(.data)
    VS_TimeCalibraCnt                        0x20000128   Data           4  head.o(.data)
    VS_ResetCountTime                        0x2000012c   Data           4  head.o(.data)
    key_delay_process                        0x20000130   Data           4  head.o(.data)
    I4_OTATime                               0x20000134   Data           4  head.o(.data)
    VS_CountfalshTime                        0x20000138   Data           4  head.o(.data)
    signStallCnt                             0x2000013c   Data           4  head.o(.data)
    VS_Calibrationtime                       0x20000140   Data           4  head.o(.data)
    bindflag                                 0x20000144   Data           1  head.o(.data)
    IsignLaunchDirection                     0x20000145   Data           1  head.o(.data)
    MiddleButtonTiming                       0x20000148   Data           4  head.o(.data)
    MotorCDC                                 0x2000014c   Data           4  head.o(.data)
    IsignReset                               0x20000150   Data           4  head.o(.data)
    MiddleButtonStart                        0x20000154   Data           1  head.o(.data)
    lowpower_flag                            0x20000155   Data           1  head.o(.data)
    lockturnflag                             0x20000156   Data           1  head.o(.data)
    silenttime                               0x20000158   Data           8  head.o(.data)
    timer_task                               0x200003a0   Data          96  protocol.o(.bss)
    count_oper                               0x20000400   Data          12  protocol.o(.bss)
    TimerDatagroup                           0x2000040c   Data          96  protocol.o(.bss)
    temporary_timing_buffer                  0x2000046c   Data         260  protocol.o(.bss)
    bt_queue_buf                             0x20000570   Data         519  system.o(.bss)
    bt_uart_rx_buf                           0x20000777   Data         263  system.o(.bss)
    bt_uart_tx_buf                           0x2000087e   Data         519  system.o(.bss)
    Production_test_uart_rx_buf              0x20000a85   Data         256  system.o(.bss)
    dp_data_buf                              0x20000b85   Data         100  tybn1_init.o(.bss)
    guKeyState                               0x20000bec   Data          20  low_power_iniit.o(.bss)
    timer_buf                                0x20000c00   Data         224  service_logic_manage.o(.bss)
    timer_buf_single                         0x20000ce0   Data          32  service_logic_manage.o(.bss)
    timing_buffer                            0x20000d00   Data         256  service_logic_manage.o(.bss)
    new_timing_buffer                        0x20000e00   Data         224  service_logic_manage.o(.bss)
    variable                                 0x20000ee0   Data          16  service_logic_manage.o(.bss)
    ptime                                    0x20000ef0   Data          12  service_logic_manage.o(.bss)
    usart0_buf                               0x20000efc   Data         519  usart0_init.o(.bss)
    __HT_check_sp                            0x20001130   Data           0  startup_ht32f5xxxx_01.o(STACK)
    __initial_sp                             0x20001330   Data           0  startup_ht32f5xxxx_01.o(STACK)



==============================================================================

Memory Map of the image

  Image Entry point : 0x000010ad

  Load Region IAP (Base: 0x00000000, Size: 0x00000a94, Max: 0x00001000, ABSOLUTE)

    Execution Region IAP (Exec base: 0x00000000, Load base: 0x00000000, Size: 0x00000a94, Max: 0xffffffff, ABSOLUTE)

    Exec Addr    Load Addr    Size         Type   Attr      Idx    E Section Name        Object

    0x00000000   0x00000000   0x00000a94   Data   RO          253    IAP                 iap.o



  Load Region AP (Base: 0x00001000, Size: 0x00005e64, Max: 0xffffffff, ABSOLUTE, COMPRESSED[0x00005d30])

    Execution Region AP (Exec base: 0x00001000, Load base: 0x00001000, Size: 0x00005d14, Max: 0xffffffff, ABSOLUTE)

    Exec Addr    Load Addr    Size         Type   Attr      Idx    E Section Name        Object

    0x00001000   0x00001000   0x00000150   Code   RO          562  * RESET               startup_ht32f5xxxx_01.o
    0x00001150   0x00001150   0x00000000   Code   RO         5162  * .ARM.Collect$$$$00000000  mc_p.l(entry.o)
    0x00001150   0x00001150   0x00000004   Code   RO         5468    .ARM.Collect$$$$00000001  mc_p.l(entry2.o)
    0x00001154   0x00001154   0x00000004   Code   RO         5471    .ARM.Collect$$$$00000004  mc_p.l(entry5.o)
    0x00001158   0x00001158   0x00000000   Code   RO         5473    .ARM.Collect$$$$00000008  mc_p.l(entry7b.o)
    0x00001158   0x00001158   0x00000000   Code   RO         5475    .ARM.Collect$$$$0000000A  mc_p.l(entry8b.o)
    0x00001158   0x00001158   0x00000008   Code   RO         5476    .ARM.Collect$$$$0000000B  mc_p.l(entry9a.o)
    0x00001160   0x00001160   0x00000000   Code   RO         5478    .ARM.Collect$$$$0000000D  mc_p.l(entry10a.o)
    0x00001160   0x00001160   0x00000000   Code   RO         5480    .ARM.Collect$$$$0000000F  mc_p.l(entry11a.o)
    0x00001160   0x00001160   0x00000004   Code   RO         5469    .ARM.Collect$$$$00002712  mc_p.l(entry2.o)
    0x00001164   0x00001164   0x0000002c   Code   RO         5165    .text               mc_p.l(uidiv.o)
    0x00001190   0x00001190   0x00000028   Code   RO         5167    .text               mc_p.l(idiv.o)
    0x000011b8   0x000011b8   0x0000004c   Code   RO         5169    .text               mc_p.l(ldiv.o)
    0x00001204   0x00001204   0x0000007a   Code   RO         5171    .text               mc_p.l(llmul.o)
    0x0000127e   0x0000127e   0x0000000c   Code   RO         5173    .text               mc_p.l(isdigit_c.o)
    0x0000128a   0x0000128a   0x0000000e   Code   RO         5175    .text               mc_p.l(isspace_c.o)
    0x00001298   0x00001298   0x00000078   Code   RO         5177    .text               mc_p.l(localtime.o)
    0x00001310   0x00001310   0x00000024   Code   RO         5181    .text               mc_p.l(memcpya.o)
    0x00001334   0x00001334   0x00000024   Code   RO         5183    .text               mc_p.l(memseta.o)
    0x00001358   0x00001358   0x0000001a   Code   RO         5185    .text               mc_p.l(memcmp.o)
    0x00001372   0x00001372   0x00000014   Code   RO         5450    .text               mc_p.l(uread4.o)
    0x00001386   0x00001386   0x000000b2   Code   RO         5452    .text               mf_p.l(fadd.o)
    0x00001438   0x00001438   0x0000007a   Code   RO         5454    .text               mf_p.l(fmul.o)
    0x000014b2   0x000014b2   0x00000018   Code   RO         5456    .text               mf_p.l(fscalb.o)
    0x000014ca   0x000014ca   0x00000016   Code   RO         5458    .text               mf_p.l(fflti.o)
    0x000014e0   0x000014e0   0x0000000e   Code   RO         5460    .text               mf_p.l(ffltui.o)
    0x000014ee   0x000014ee   0x00000032   Code   RO         5462    .text               mf_p.l(ffixi.o)
    0x00001520   0x00001520   0x00000028   Code   RO         5464    .text               mf_p.l(ffixui.o)
    0x00001548   0x00001548   0x00000014   Code   RO         5466    .text               mf_p.l(cfcmple.o)
    0x0000155c   0x0000155c   0x00000060   Code   RO         5482    .text               mc_p.l(uldiv.o)
    0x000015bc   0x000015bc   0x00000020   Code   RO         5484    .text               mc_p.l(llshl.o)
    0x000015dc   0x000015dc   0x00000024   Code   RO         5486    .text               mc_p.l(ctype_c.o)
    0x00001600   0x00001600   0x00000000   Code   RO         5489    .text               mc_p.l(iusefp.o)
    0x00001600   0x00001600   0x00000082   Code   RO         5490    .text               mf_p.l(fepilogue.o)
    0x00001682   0x00001682   0x00000002   PAD
    0x00001684   0x00001684   0x00000024   Code   RO         5502    .text               mc_p.l(init.o)
    0x000016a8   0x000016a8   0x00000022   Code   RO         5504    .text               mc_p.l(llushr.o)
    0x000016ca   0x000016ca   0x0000003a   Code   RO         5520    .text               mc_p.l(__dczerorl.o)
    0x00001704   0x00001704   0x00000012   Code   RO          665    i.ADC_Cmd           ht32f5xxxx_adc.o
    0x00001716   0x00001716   0x00000012   Code   RO          666    i.ADC_DeInit        ht32f5xxxx_adc.o
    0x00001728   0x00001728   0x00000002   Code   RO          256    i.ADC_IRQHandler    ht32f5xxxx_01_it.o
    0x0000172a   0x0000172a   0x00000012   Code   RO          670    i.ADC_IntConfig     ht32f5xxxx_adc.o
    0x0000173c   0x0000173c   0x0000001c   Code   RO          671    i.ADC_RegularChannelConfig  ht32f5xxxx_adc.o
    0x00001758   0x00001758   0x0000001a   Code   RO          672    i.ADC_RegularGroupConfig  ht32f5xxxx_adc.o
    0x00001772   0x00001772   0x0000000e   Code   RO          673    i.ADC_RegularTrigConfig  ht32f5xxxx_adc.o
    0x00001780   0x00001780   0x00000014   Code   RO          676    i.ADC_SoftwareStartConvCmd  ht32f5xxxx_adc.o
    0x00001794   0x00001794   0x0000002c   Code   RO         1278    i.AFIO_EXTISourceConfig  ht32f5xxxx_gpio.o
    0x000017c0   0x000017c0   0x00000058   Code   RO         1279    i.AFIO_GPxConfig    ht32f5xxxx_gpio.o
    0x00001818   0x00001818   0x00000040   Code   RO          257    i.BFTM0_IRQHandler  ht32f5xxxx_01_it.o
    0x00001858   0x00001858   0x0000000e   Code   RO          771    i.BFTM_ClearFlag    ht32f5xxxx_bftm.o
    0x00001866   0x00001866   0x00000012   Code   RO          773    i.BFTM_EnaCmd       ht32f5xxxx_bftm.o
    0x00001878   0x00001878   0x00000014   Code   RO          777    i.BFTM_IntConfig    ht32f5xxxx_bftm.o
    0x0000188c   0x0000188c   0x00000012   Code   RO          778    i.BFTM_OneShotModeCmd  ht32f5xxxx_bftm.o
    0x0000189e   0x0000189e   0x00000004   Code   RO          779    i.BFTM_SetCompare   ht32f5xxxx_bftm.o
    0x000018a2   0x000018a2   0x00000004   Code   RO          780    i.BFTM_SetCounter   ht32f5xxxx_bftm.o
    0x000018a6   0x000018a6   0x00000002   PAD
    0x000018a8   0x000018a8   0x00000014   Code   RO          850    i.CKCU_GetClockReadyStatus  ht32f5xxxx_ckcu.o
    0x000018bc   0x000018bc   0x0000006c   Code   RO          851    i.CKCU_GetClocksFrequency  ht32f5xxxx_ckcu.o
    0x00001928   0x00001928   0x0000003c   Code   RO          853    i.CKCU_GetPLLFrequency  ht32f5xxxx_ckcu.o
    0x00001964   0x00001964   0x00000034   Code   RO          854    i.CKCU_GetPeripFrequency  ht32f5xxxx_ckcu.o
    0x00001998   0x00001998   0x00000028   Code   RO          869    i.CKCU_PeripClockConfig  ht32f5xxxx_ckcu.o
    0x000019c0   0x000019c0   0x00000020   Code   RO         4675    i.Common_timing_data_processing  tst_function.o
    0x000019e0   0x000019e0   0x00000020   Code   RO         4676    i.Coundownflag_EraseWrite  tst_function.o
    0x00001a00   0x00001a00   0x00000020   Code   RO         4677    i.Coundownswitch_EraseWrite  tst_function.o
    0x00001a20   0x00001a20   0x00000130   Code   RO         4947    i.CountdownFlashDataHandle  head.o
    0x00001b50   0x00001b50   0x00000002   Code   RO         4678    i.CurtainModeEraseWrite  tst_function.o
    0x00001b52   0x00001b52   0x00000002   PAD
    0x00001b54   0x00001b54   0x00000060   Code   RO          258    i.EVWUP_IRQHandler  ht32f5xxxx_01_it.o
    0x00001bb4   0x00001bb4   0x00000008   Code   RO          259    i.EXTI0_1_IRQHandler  ht32f5xxxx_01_it.o
    0x00001bbc   0x00001bbc   0x00000008   Code   RO          260    i.EXTI2_3_IRQHandler  ht32f5xxxx_01_it.o
    0x00001bc4   0x00001bc4   0x00000008   Code   RO          261    i.EXTI4_15_IRQHandler  ht32f5xxxx_01_it.o
    0x00001bcc   0x00001bcc   0x00000010   Code   RO         1100    i.EXTI_ClearEdgeFlag  ht32f5xxxx_exti.o
    0x00001bdc   0x00001bdc   0x00000014   Code   RO         1101    i.EXTI_ClearWakeupFlag  ht32f5xxxx_exti.o
    0x00001bf0   0x00001bf0   0x00000028   Code   RO         1104    i.EXTI_GetEdgeStatus  ht32f5xxxx_exti.o
    0x00001c18   0x00001c18   0x00000020   Code   RO         1107    i.EXTI_Init         ht32f5xxxx_exti.o
    0x00001c38   0x00001c38   0x0000001c   Code   RO         1108    i.EXTI_IntConfig    ht32f5xxxx_exti.o
    0x00001c54   0x00001c54   0x0000002c   Code   RO         1110    i.EXTI_WakeupEventConfig  ht32f5xxxx_exti.o
    0x00001c80   0x00001c80   0x0000001c   Code   RO         1111    i.EXTI_WakeupEventIntConfig  ht32f5xxxx_exti.o
    0x00001c9c   0x00001c9c   0x00000198   Code   RO         4301    i.Exit_Init         low_power_iniit.o
    0x00001e34   0x00001e34   0x00000018   Code   RO         1188    i.FLASH_ErasePage   ht32f5xxxx_flash.o
    0x00001e4c   0x00001e4c   0x00000030   Code   RO         1190    i.FLASH_GetOptionByteStatus  ht32f5xxxx_flash.o
    0x00001e7c   0x00001e7c   0x0000001c   Code   RO         1195    i.FLASH_ProgramWordData  ht32f5xxxx_flash.o
    0x00001e98   0x00001e98   0x00000050   Code   RO         1198    i.FLASH_WaitForOperationEnd  ht32f5xxxx_flash.o
    0x00001ee8   0x00001ee8   0x00000010   Code   RO         1282    i.GPIO_DirectionConfig  ht32f5xxxx_gpio.o
    0x00001ef8   0x00001ef8   0x00000030   Code   RO         1284    i.GPIO_DriveConfig  ht32f5xxxx_gpio.o
    0x00001f28   0x00001f28   0x00000010   Code   RO         1286    i.GPIO_InputConfig  ht32f5xxxx_gpio.o
    0x00001f38   0x00001f38   0x0000002a   Code   RO         1291    i.GPIO_PullResistorConfig  ht32f5xxxx_gpio.o
    0x00001f62   0x00001f62   0x0000000a   Code   RO         1292    i.GPIO_ReadInBit    ht32f5xxxx_gpio.o
    0x00001f6c   0x00001f6c   0x0000000c   Code   RO         1297    i.GPIO_WriteOutBits  ht32f5xxxx_gpio.o
    0x00001f78   0x00001f78   0x00000188   Code   RO          262    i.GPTM0_IRQHandler  ht32f5xxxx_01_it.o
    0x00002100   0x00002100   0x00000010   Code   RO          263    i.HardFault_Handler  ht32f5xxxx_01_it.o
    0x00002110   0x00002110   0x00000068   Code   RO         4679    i.I4CalibraERRHander  tst_function.o
    0x00002178   0x00002178   0x000001b8   Code   RO         4680    i.I4CompleteHandler  tst_function.o
    0x00002330   0x00002330   0x00000050   Code   RO         4948    i.I4CountdownDataClear  head.o
    0x00002380   0x00002380   0x0000002c   Code   RO         3594    i.I4CourseDirection  protocol.o
    0x000023ac   0x000023ac   0x000000b8   Code   RO         4681    i.I4LaunchHandler   tst_function.o
    0x00002464   0x00002464   0x00000098   Code   RO         4682    i.I4ReturnJourneyHandler  tst_function.o
    0x000024fc   0x000024fc   0x000000c0   Code   RO         4683    i.I4ReturnManualHandler  tst_function.o
    0x000025bc   0x000025bc   0x00000060   Code   RO         4949    i.I4TimerDataClear  head.o
    0x0000261c   0x0000261c   0x000000d0   Code   RO         4950    i.I4_FullInspection  head.o
    0x000026ec   0x000026ec   0x00000068   Code   RO         4951    i.I4_LEDHandler     head.o
    0x00002754   0x00002754   0x00000028   Code   RO         4952    i.I4_LedTwinkle     head.o
    0x0000277c   0x0000277c   0x00000044   Code   RO         4953    i.I4_LockedRotorCallback  head.o
    0x000027c0   0x000027c0   0x00000038   Code   RO         4954    i.I4_MainTask       head.o
    0x000027f8   0x000027f8   0x00000064   Code   RO         4955    i.I4_ProductionTest  head.o
    0x0000285c   0x0000285c   0x000000fc   Code   RO         4956    i.I4_Timecallback   head.o
    0x00002958   0x00002958   0x00000058   Code   RO         4957    i.LEDFlashingCALLBack  head.o
    0x000029b0   0x000029b0   0x00000028   Code   RO         4958    i.LEDFlashing_1s    head.o
    0x000029d8   0x000029d8   0x00000050   Code   RO          264    i.LVD_BOD_IRQHandler  ht32f5xxxx_01_it.o
    0x00002a28   0x00002a28   0x000000a4   Code   RO         4959    i.LockedRotorDetection  head.o
    0x00002acc   0x00002acc   0x00000034   Code   RO         4960    i.LockedRotorMotorCallback  head.o
    0x00002b00   0x00002b00   0x00000012   Code   RO         1601    i.MCTM_CHMOECmd     ht32f5xxxx_mctm.o
    0x00002b12   0x00002b12   0x00000002   PAD
    0x00002b14   0x00002b14   0x00000140   Code   RO         4684    i.ManualCalibraCallBack  tst_function.o
    0x00002c54   0x00002c54   0x00000002   Code   RO          265    i.NMI_Handler       ht32f5xxxx_01_it.o
    0x00002c56   0x00002c56   0x00000002   PAD
    0x00002c58   0x00002c58   0x00000014   Code   RO         4302    i.NVIC_EnableIRQ    low_power_iniit.o
    0x00002c6c   0x00002c6c   0x00000014   Code   RO          571    i.NVIC_SetVectorTable  ht32_cm0plus_misc.o
    0x00002c80   0x00002c80   0x0000006c   Code   RO         4961    i.NoNetworkLedFlashing  head.o
    0x00002cec   0x00002cec   0x00000084   Code   RO         4346    i.PB2_PWM_INIT      motor_init.o
    0x00002d70   0x00002d70   0x00000088   Code   RO         4347    i.PB3_PWM_INIT      motor_init.o
    0x00002df8   0x00002df8   0x0000001c   Code   RO         1655    i.PWRCU_BODCmd      ht32f5xxxx_pwrcu.o
    0x00002e14   0x00002e14   0x00000018   Code   RO         1656    i.PWRCU_BODRISConfig  ht32f5xxxx_pwrcu.o
    0x00002e2c   0x00002e2c   0x0000001c   Code   RO         1659    i.PWRCU_DeInit      ht32f5xxxx_pwrcu.o
    0x00002e48   0x00002e48   0x00000068   Code   RO         1661    i.PWRCU_DeepSleep2  ht32f5xxxx_pwrcu.o
    0x00002eb0   0x00002eb0   0x00000010   Code   RO         1666    i.PWRCU_GetLVDFlagStatus  ht32f5xxxx_pwrcu.o
    0x00002ec0   0x00002ec0   0x0000001c   Code   RO         1668    i.PWRCU_LVDCmd      ht32f5xxxx_pwrcu.o
    0x00002edc   0x00002edc   0x0000001c   Code   RO         1670    i.PWRCU_LVDIntWakeupConfig  ht32f5xxxx_pwrcu.o
    0x00002ef8   0x00002ef8   0x00000014   Code   RO         1672    i.PWRCU_SetLVDS     ht32f5xxxx_pwrcu.o
    0x00002f0c   0x00002f0c   0x00000198   Code   RO         4962    i.Pause_handler     head.o
    0x000030a4   0x000030a4   0x00000002   Code   RO          266    i.PendSV_Handler    ht32f5xxxx_01_it.o
    0x000030a6   0x000030a6   0x00000002   Code   RO         4685    i.Percentage_control  tst_function.o
    0x000030a8   0x000030a8   0x00000040   Code   RO         4963    i.Production_test_Read_Byte  head.o
    0x000030e8   0x000030e8   0x00000038   Code   RO         4964    i.Production_test_input  head.o
    0x00003120   0x00003120   0x0000002c   Code   RO         3804    i.Queue_Read_Byte   system.o
    0x0000314c   0x0000314c   0x00000028   Code   RO         1807    i.RSTCU_PeripReset  ht32f5xxxx_rstcu.o
    0x00003174   0x00003174   0x00000014   Code   RO         1843    i.RTC_ClockSourceConfig  ht32f5xxxx_rtc.o
    0x00003188   0x00003188   0x0000001c   Code   RO         1844    i.RTC_Cmd           ht32f5xxxx_rtc.o
    0x000031a4   0x000031a4   0x0000000c   Code   RO         1847    i.RTC_GetCounter    ht32f5xxxx_rtc.o
    0x000031b0   0x000031b0   0x0000000c   Code   RO         1848    i.RTC_GetFlagStatus  ht32f5xxxx_rtc.o
    0x000031bc   0x000031bc   0x00000018   Code   RO          267    i.RTC_IRQHandler    ht32f5xxxx_01_it.o
    0x000031d4   0x000031d4   0x00000018   Code   RO         1851    i.RTC_IntConfig     ht32f5xxxx_rtc.o
    0x000031ec   0x000031ec   0x0000002c   Code   RO         1852    i.RTC_LSECmd        ht32f5xxxx_rtc.o
    0x00003218   0x00003218   0x00000014   Code   RO         1853    i.RTC_LSESMConfig   ht32f5xxxx_rtc.o
    0x0000322c   0x0000322c   0x0000000c   Code   RO         1856    i.RTC_SetCompare    ht32f5xxxx_rtc.o
    0x00003238   0x00003238   0x00000014   Code   RO         1857    i.RTC_SetPrescaler  ht32f5xxxx_rtc.o
    0x0000324c   0x0000324c   0x00000018   Code   RO         1858    i.RTC_WakeupConfig  ht32f5xxxx_rtc.o
    0x00003264   0x00003264   0x00000002   Code   RO          268    i.SVC_Handler       ht32f5xxxx_01_it.o
    0x00003266   0x00003266   0x00000002   PAD
    0x00003268   0x00003268   0x00000018   Code   RO          574    i.SYSTICK_ClockSourceConfig  ht32_cm0plus_misc.o
    0x00003280   0x00003280   0x00000024   Code   RO          575    i.SYSTICK_CounterCmd  ht32_cm0plus_misc.o
    0x000032a4   0x000032a4   0x00000018   Code   RO          576    i.SYSTICK_IntConfig  ht32_cm0plus_misc.o
    0x000032bc   0x000032bc   0x0000000c   Code   RO          577    i.SYSTICK_SetReloadValue  ht32_cm0plus_misc.o
    0x000032c8   0x000032c8   0x00000008   Code   RO          269    i.SysTick_Handler   ht32f5xxxx_01_it.o
    0x000032d0   0x000032d0   0x000000f4   Code   RO          472    i.SystemInit        system_ht32f5xxxx_02.o
    0x000033c4   0x000033c4   0x0000000a   Code   RO         2107    i.TM_ClearFlag      ht32f5xxxx_tm.o
    0x000033ce   0x000033ce   0x00000014   Code   RO         2110    i.TM_Cmd            ht32f5xxxx_tm.o
    0x000033e2   0x000033e2   0x00000002   PAD
    0x000033e4   0x000033e4   0x00000068   Code   RO         2112    i.TM_DeInit         ht32f5xxxx_tm.o
    0x0000344c   0x0000344c   0x00000010   Code   RO         2125    i.TM_IntConfig      ht32f5xxxx_tm.o
    0x0000345c   0x0000345c   0x000000a0   Code   RO         2129    i.TM_OutputInit     ht32f5xxxx_tm.o
    0x000034fc   0x000034fc   0x00000040   Code   RO         2142    i.TM_TimeBaseInit   ht32f5xxxx_tm.o
    0x0000353c   0x0000353c   0x00000040   Code   RO         4965    i.TimerFlashDataHandle  head.o
    0x0000357c   0x0000357c   0x00000044   Code   RO         4686    i.Timing_echofun    tst_function.o
    0x000035c0   0x000035c0   0x000002c0   Code   RO         4687    i.Timing_task_program  tst_function.o
    0x00003880   0x00003880   0x00000020   Code   RO          270    i.UART0_IRQHandler  ht32f5xxxx_01_it.o
    0x000038a0   0x000038a0   0x00000002   Code   RO          271    i.UART1_IRQHandler  ht32f5xxxx_01_it.o
    0x000038a2   0x000038a2   0x00000022   Code   RO          272    i.USART0_IRQHandler  ht32f5xxxx_01_it.o
    0x000038c4   0x000038c4   0x00000008   Code   RO         2403    i.USART_ClearFlag   ht32f5xxxx_usart.o
    0x000038cc   0x000038cc   0x0000000a   Code   RO         2408    i.USART_GetFlagStatus  ht32f5xxxx_usart.o
    0x000038d6   0x000038d6   0x00000002   PAD
    0x000038d8   0x000038d8   0x0000006c   Code   RO         2411    i.USART_Init        ht32f5xxxx_usart.o
    0x00003944   0x00003944   0x00000010   Code   RO         2412    i.USART_IntConfig   ht32f5xxxx_usart.o
    0x00003954   0x00003954   0x00000004   Code   RO         2421    i.USART_SendData    ht32f5xxxx_usart.o
    0x00003958   0x00003958   0x00000014   Code   RO         2432    i.USART_TxRxCmd     ht32f5xxxx_usart.o
    0x0000396c   0x0000396c   0x000001dc   Code   RO          273    i.WAKEUP_Button_Process  ht32f5xxxx_01_it.o
    0x00003b48   0x00003b48   0x00000020   Code   RO         4688    i.WriteFlashGlobalCallBack  tst_function.o
    0x00003b68   0x00003b68   0x00000020   Code   RO         5322    i.__0printf$5       mc_p.l(printf5.o)
    0x00003b88   0x00003b88   0x0000001a   Code   RO         1042    i.__ARM_common_switch8  ht32f5xxxx_ckcu.o
    0x00003ba2   0x00003ba2   0x0000000e   Code   RO         5514    i.__scatterload_copy  mc_p.l(handlers.o)
    0x00003bb0   0x00003bb0   0x00000002   Code   RO         5515    i.__scatterload_null  mc_p.l(handlers.o)
    0x00003bb2   0x00003bb2   0x0000000e   Code   RO         5516    i.__scatterload_zeroinit  mc_p.l(handlers.o)
    0x00003bc0   0x00003bc0   0x000002dc   Code   RO         5329    i._printf_core      mc_p.l(printf5.o)
    0x00003e9c   0x00003e9c   0x00000068   Code   RO         4121    i.adc_init          adc_init.o
    0x00003f04   0x00003f04   0x00000094   Code   RO         4689    i.alarm_perc_Boundary_process  tst_function.o
    0x00003f98   0x00003f98   0x00000002   Code   RO         3595    i.all_data_update   protocol.o
    0x00003f9a   0x00003f9a   0x00000002   PAD
    0x00003f9c   0x00003f9c   0x000000b8   Code   RO         3568    i.all_data_update_fun  mcu_transplant.o
    0x00004054   0x00004054   0x00000002   Code   RO         4690    i.arg_erase_write   tst_function.o
    0x00004056   0x00004056   0x00000002   PAD
    0x00004058   0x00004058   0x00000064   Code   RO         4185    i.bftm_onfiguration  bftm_init.o
    0x000040bc   0x000040bc   0x00000044   Code   RO         3602    i.bt_factor_reset_notify  protocol.o
    0x00004100   0x00004100   0x00000040   Code   RO         3198    i.bt_protocol_init  mcu_api.o
    0x00004140   0x00004140   0x00000024   Code   RO         3608    i.bt_send_mcu_ver   protocol.o
    0x00004164   0x00004164   0x0000012c   Code   RO         3199    i.bt_test_uart_service  mcu_api.o
    0x00004290   0x00004290   0x00000050   Code   RO         3200    i.bt_uart_service   mcu_api.o
    0x000042e0   0x000042e0   0x0000004c   Code   RO         3805    i.bt_uart_write_frame  system.o
    0x0000432c   0x0000432c   0x00000016   Code   RO         3201    i.byte_to_int       mcu_api.o
    0x00004342   0x00004342   0x00000014   Code   RO         4691    i.calibration_test  tst_function.o
    0x00004356   0x00004356   0x00000002   PAD
    0x00004358   0x00004358   0x00000104   Code   RO         4124    i.check_battery_level  adc_init.o
    0x0000445c   0x0000445c   0x0000002e   Code   RO         4967    i.check_time_zone   head.o
    0x0000448a   0x0000448a   0x00000002   PAD
    0x0000448c   0x0000448c   0x00000018   Code   RO         4348    i.clock_config      motor_init.o
    0x000044a4   0x000044a4   0x0000009c   Code   RO         4349    i.close_curtain     motor_init.o
    0x00004540   0x00004540   0x0000003c   Code   RO         3377    i.crc32_compute     mcu_ota_handler.o
    0x0000457c   0x0000457c   0x0000032c   Code   RO         3806    i.data_handle       system.o
    0x000048a8   0x000048a8   0x00000018   Code   RO         3378    i.delay1s           mcu_ota_handler.o
    0x000048c0   0x000048c0   0x00000030   Code   RO         4694    i.dismiss_bind      tst_function.o
    0x000048f0   0x000048f0   0x00000288   Code   RO         3616    i.dp_curtain_timer_task  protocol.o
    0x00004b78   0x00004b78   0x000000d0   Code   RO         3617    i.dp_download_control_handle  protocol.o
    0x00004c48   0x00004c48   0x000001b4   Code   RO         3618    i.dp_download_curtain_countdown_time  protocol.o
    0x00004dfc   0x00004dfc   0x00000244   Code   RO         3619    i.dp_download_handle  protocol.o
    0x00005040   0x00005040   0x0000006c   Code   RO         3379    i.file_crc_check_in_flash  mcu_ota_handler.o
    0x000050ac   0x000050ac   0x00000022   Code   RO          406    i.fputc             main_callfun.o
    0x000050ce   0x000050ce   0x00000014   Code   RO         4968    i.fun_setup_interrupt  head.o
    0x000050e2   0x000050e2   0x0000001c   Code   RO         3898    i.get_check_sum     tybn1_init.o
    0x000050fe   0x000050fe   0x0000001c   Code   RO         3807    i.get_check_sums    system.o
    0x0000511a   0x0000511a   0x00000004   Code   RO         3620    i.get_download_cmd_total  protocol.o
    0x0000511e   0x0000511e   0x0000000c   Code   RO         3808    i.get_mcu_bt_mode   system.o
    0x0000512a   0x0000512a   0x00000002   PAD
    0x0000512c   0x0000512c   0x00000018   Code   RO         3810    i.get_queue_total_data  system.o
    0x00005144   0x00005144   0x00000034   Code   RO         3900    i.get_real_time     tybn1_init.o
    0x00005178   0x00005178   0x00000050   Code   RO         4695    i.global_arg_fun    tst_function.o
    0x000051c8   0x000051c8   0x00000174   Code   RO         4218    i.gpio_init         gpio_init.o
    0x0000533c   0x0000533c   0x00000068   Code   RO         4281    i.gptm0_onfiguration  gptm0_init.o
    0x000053a4   0x000053a4   0x00000030   Code   RO         3811    i.heat_beat_check   system.o
    0x000053d4   0x000053d4   0x0000002c   Code   RO         4219    i.i4_GPIO_PIN_SET   gpio_init.o
    0x00005400   0x00005400   0x00000010   Code   RO         4969    i.key_delay_process_callback  head.o
    0x00005410   0x00005410   0x00000014   Code   RO         4970    i.key_delay_process_start  head.o
    0x00005424   0x00005424   0x00000108   Code   RO         4220    i.key_init          gpio_init.o
    0x0000552c   0x0000552c   0x00000014   Code   RO            3    i.license_readback  main.o
    0x00005540   0x00005540   0x000000d8   Code   RO         4971    i.low_power_consump_fun  head.o
    0x00005618   0x00005618   0x00000008   Code   RO         4304    i.low_power_init    low_power_iniit.o
    0x00005620   0x00005620   0x000000c0   Code   RO            4    i.main              main.o
    0x000056e0   0x000056e0   0x000000d0   Code   RO         3205    i.mcu_common_test_uart_data_unpack  mcu_api.o
    0x000057b0   0x000057b0   0x00000100   Code   RO         3206    i.mcu_common_uart_data_unpack  mcu_api.o
    0x000058b0   0x000058b0   0x0000001c   Code   RO         3380    i.mcu_device_delay_restart  mcu_ota_handler.o
    0x000058cc   0x000058cc   0x00000048   Code   RO         3207    i.mcu_dp_bool_update  mcu_api.o
    0x00005914   0x00005914   0x00000040   Code   RO         3208    i.mcu_dp_enum_update  mcu_api.o
    0x00005954   0x00005954   0x00000068   Code   RO         3209    i.mcu_dp_fault_update  mcu_api.o
    0x000059bc   0x000059bc   0x00000044   Code   RO         3210    i.mcu_dp_raw_update  mcu_api.o
    0x00005a00   0x00005a00   0x00000054   Code   RO         3212    i.mcu_dp_value_update  mcu_api.o
    0x00005a54   0x00005a54   0x0000001a   Code   RO         3381    i.mcu_flash_erase   mcu_ota_handler.o
    0x00005a6e   0x00005a6e   0x00000032   Code   RO         3383    i.mcu_flash_read    mcu_ota_handler.o
    0x00005aa0   0x00005aa0   0x00000048   Code   RO         3384    i.mcu_flash_write   mcu_ota_handler.o
    0x00005ae8   0x00005ae8   0x00000004   Code   RO         3215    i.mcu_get_dp_download_enum  mcu_api.o
    0x00005aec   0x00005aec   0x00000008   Code   RO         3216    i.mcu_get_dp_download_value  mcu_api.o
    0x00005af4   0x00005af4   0x0000012c   Code   RO         3385    i.mcu_ota_data_req  mcu_ota_handler.o
    0x00005c20   0x00005c20   0x00000194   Code   RO         3386    i.mcu_ota_file_info_req  mcu_ota_handler.o
    0x00005db4   0x00005db4   0x00000014   Code   RO         3387    i.mcu_ota_init      mcu_ota_handler.o
    0x00005dc8   0x00005dc8   0x0000002c   Code   RO         3388    i.mcu_ota_init_disconnect  mcu_ota_handler.o
    0x00005df4   0x00005df4   0x00000074   Code   RO         3389    i.mcu_ota_offset_req  mcu_ota_handler.o
    0x00005e68   0x00005e68   0x00000078   Code   RO         3390    i.mcu_ota_proc      mcu_ota_handler.o
    0x00005ee0   0x00005ee0   0x00000034   Code   RO         4351    i.motor_pwr         motor_init.o
    0x00005f14   0x00005f14   0x0000001a   Code   RO         4352    i.motor_stop        motor_init.o
    0x00005f2e   0x00005f2e   0x00000002   PAD
    0x00005f30   0x00005f30   0x0000026c   Code   RO         4697    i.motor_turn        tst_function.o
    0x0000619c   0x0000619c   0x0000002c   Code   RO         4640    i.ms_delay_systick  systick_init.o
    0x000061c8   0x000061c8   0x00000080   Code   RO         3219    i.my_atoll          mcu_api.o
    0x00006248   0x00006248   0x00000022   Code   RO         3220    i.my_memcmp         mcu_api.o
    0x0000626a   0x0000626a   0x00000040   Code   RO         3221    i.my_memcpy         mcu_api.o
    0x000062aa   0x000062aa   0x00000018   Code   RO         3222    i.my_memset         mcu_api.o
    0x000062c2   0x000062c2   0x00000016   Code   RO         3223    i.my_strlen         mcu_api.o
    0x000062d8   0x000062d8   0x000000d0   Code   RO         3393    i.on_data_write_request_sched  mcu_ota_handler.o
    0x000063a8   0x000063a8   0x00000098   Code   RO         4353    i.open_curtain      motor_init.o
    0x00006440   0x00006440   0x000000a4   Code   RO         4698    i.perc_Boundary_process  tst_function.o
    0x000064e4   0x000064e4   0x00000044   Code   RO         3812    i.product_info_update  system.o
    0x00006528   0x00006528   0x00000030   Code   RO         4972    i.rf_test           head.o
    0x00006558   0x00006558   0x00000054   Code   RO         4443    i.rtc_init          rtc_init.o
    0x000065ac   0x000065ac   0x0000001c   Code   RO         3813    i.set_bt_uart_buffer  system.o
    0x000065c8   0x000065c8   0x00000010   Code   RO         3814    i.set_bt_uart_byte  system.o
    0x000065d8   0x000065d8   0x000000f4   Code   RO         4700    i.stop_fun          tst_function.o
    0x000066cc   0x000066cc   0x00000028   Code   RO         4641    i.systick_init      systick_init.o
    0x000066f4   0x000066f4   0x0000014c   Code   RO         3621    i.timer_curtain_control  protocol.o
    0x00006840   0x00006840   0x000000e8   Code   RO         4973    i.timer_curtain_control_callback  head.o
    0x00006928   0x00006928   0x00000014   Code   RO         4642    i.timing_delay      systick_init.o
    0x0000693c   0x0000693c   0x0000001c   Code   RO         3912    i.tybn1_join_sleep_mode  tybn1_init.o
    0x00006958   0x00006958   0x00000014   Code   RO         3622    i.tybn1_out_sleep_mode  protocol.o
    0x0000696c   0x0000696c   0x00000074   Code   RO         4873    i.uart0_init        uart0_init.o
    0x000069e0   0x000069e0   0x00000030   Code   RO         4874    i.uart0_send        uart0_init.o
    0x00006a10   0x00006a10   0x00000044   Code   RO         3224    i.uart_receive_input  mcu_api.o
    0x00006a54   0x00006a54   0x00000008   Code   RO         3623    i.uart_transmit_output  protocol.o
    0x00006a5c   0x00006a5c   0x00000028   Code   RO         3569    i.uart_transmit_output_fun  mcu_transplant.o
    0x00006a84   0x00006a84   0x00000044   Code   RO         4701    i.update_battery_value  tst_function.o
    0x00006ac8   0x00006ac8   0x00000044   Code   RO         4974    i.update_calibrstatus  head.o
    0x00006b0c   0x00006b0c   0x00000050   Code   RO         3624    i.update_current_runtime  protocol.o
    0x00006b5c   0x00006b5c   0x00000064   Code   RO         4975    i.update_curtain_position  head.o
    0x00006bc0   0x00006bc0   0x00000070   Code   RO         4907    i.usart0_init       usart0_init.o
    0x00006c30   0x00006c30   0x0000002c   Code   RO         4908    i.usart0_send       usart0_init.o
    0x00006c5c   0x00006c5c   0x00000014   Code   RO         4976    i.version_fun       head.o
    0x00006c70   0x00006c70   0x00000026   Data   RO         3626    .constdata          protocol.o
    0x00006c96   0x00006c96   0x00000002   PAD
    0x00006c98   0x00006c98   0x0000000e   Data   RO         3817    .constdata          system.o
    0x00006ca6   0x00006ca6   0x0000000c   Data   RO         5179    .constdata          mc_p.l(localtime.o)
    0x00006cb2   0x00006cb2   0x00000040   Data   RO         5487    .constdata          mc_p.l(ctype_c.o)
    0x00006cf2   0x00006cf2   0x00000002   PAD
    0x00006cf4   0x00006cf4   0x00000020   Data   RO         5512    Region$$Table       anon$$obj.o


    Execution Region RAM (Exec base: 0x20000010, Load base: 0x00006d14, Size: 0x00001320, Max: 0xffffffff, ABSOLUTE, COMPRESSED[0x0000001c])

    Exec Addr    Load Addr    Size         Type   Attr      Idx    E Section Name        Object

    0x20000010   COMPRESSED   0x00000038   Data   RW          275    .data               ht32f5xxxx_01_it.o
    0x20000048   COMPRESSED   0x00000004   Data   RW          473    .data               system_ht32f5xxxx_02.o
    0x2000004c   COMPRESSED   0x00000004   Data   RW         2709    .data               ht32_retarget.o
    0x20000050   COMPRESSED   0x00000011   Data   RW         3225    .data               mcu_api.o
    0x20000061   COMPRESSED   0x00000003   PAD
    0x20000064   COMPRESSED   0x00000010   Data   RW         3396    .data               mcu_ota_handler.o
    0x20000074   COMPRESSED   0x00000012   Data   RW         3627    .data               protocol.o
    0x20000086   COMPRESSED   0x00000002   PAD
    0x20000088   COMPRESSED   0x0000000c   Data   RW         3818    .data               system.o
    0x20000094   COMPRESSED   0x00000004   Data   RW         3819    .data               system.o
    0x20000098   COMPRESSED   0x00000004   Data   RW         3820    .data               system.o
    0x2000009c   COMPRESSED   0x00000001   Data   RW         3821    .data               system.o
    0x2000009d   COMPRESSED   0x00000003   PAD
    0x200000a0   COMPRESSED   0x00000004   Data   RW         4129    .data               adc_init.o
    0x200000a4   COMPRESSED   0x00000004   Data   RW         4186    .data               bftm_init.o
    0x200000a8   COMPRESSED   0x00000004   Data   RW         4306    .data               low_power_iniit.o
    0x200000ac   COMPRESSED   0x00000004   Data   RW         4449    .data               rtc_init.o
    0x200000b0   COMPRESSED   0x00000004   Data   RW         4450    .data               rtc_init.o
    0x200000b4   COMPRESSED   0x00000004   Data   RW         4451    .data               rtc_init.o
    0x200000b8   COMPRESSED   0x00000001   Data   RW         4556    .data               service_logic_manage.o
    0x200000b9   COMPRESSED   0x00000003   PAD
    0x200000bc   COMPRESSED   0x0000000c   Data   RW         4557    .data               service_logic_manage.o
    0x200000c8   COMPRESSED   0x00000001   Data   RW         4558    .data               service_logic_manage.o
    0x200000c9   COMPRESSED   0x00000001   Data   RW         4559    .data               service_logic_manage.o
    0x200000ca   COMPRESSED   0x00000002   PAD
    0x200000cc   COMPRESSED   0x00000004   Data   RW         4562    .data               service_logic_manage.o
    0x200000d0   COMPRESSED   0x00000004   Data   RW         4563    .data               service_logic_manage.o
    0x200000d4   COMPRESSED   0x00000001   Data   RW         4565    .data               service_logic_manage.o
    0x200000d5   COMPRESSED   0x00000003   PAD
    0x200000d8   COMPRESSED   0x00000004   Data   RW         4643    .data               systick_init.o
    0x200000dc   COMPRESSED   0x00000018   Data   RW         4704    .data               tst_function.o
    0x200000f4   COMPRESSED   0x00000050   Data   RW         4978    .data               head.o
    0x20000144   COMPRESSED   0x00000001   Data   RW         4980    .data               head.o
    0x20000145   COMPRESSED   0x00000001   Data   RW         4982    .data               head.o
    0x20000146   COMPRESSED   0x00000002   PAD
    0x20000148   COMPRESSED   0x00000004   Data   RW         4983    .data               head.o
    0x2000014c   COMPRESSED   0x00000004   Data   RW         4984    .data               head.o
    0x20000150   COMPRESSED   0x00000004   Data   RW         4987    .data               head.o
    0x20000154   COMPRESSED   0x00000001   Data   RW         4988    .data               head.o
    0x20000155   COMPRESSED   0x00000001   Data   RW         4990    .data               head.o
    0x20000156   COMPRESSED   0x00000001   Data   RW         4991    .data               head.o
    0x20000157   COMPRESSED   0x00000001   PAD
    0x20000158   COMPRESSED   0x00000008   Data   RW         4993    .data               head.o
    0x20000160        -       0x00000240   Zero   RW         3395    .bss                mcu_ota_handler.o
    0x200003a0        -       0x000001d0   Zero   RW         3625    .bss                protocol.o
    0x20000570        -       0x00000515   Zero   RW         3815    .bss                system.o
    0x20000a85        -       0x00000100   Zero   RW         3816    .bss                system.o
    0x20000b85        -       0x00000064   Zero   RW         3920    .bss                tybn1_init.o
    0x20000be9   COMPRESSED   0x00000003   PAD
    0x20000bec        -       0x00000014   Zero   RW         4305    .bss                low_power_iniit.o
    0x20000c00        -       0x000000e0   Zero   RW         4548    .bss                service_logic_manage.o
    0x20000ce0        -       0x00000020   Zero   RW         4549    .bss                service_logic_manage.o
    0x20000d00        -       0x00000100   Zero   RW         4550    .bss                service_logic_manage.o
    0x20000e00        -       0x000000e0   Zero   RW         4551    .bss                service_logic_manage.o
    0x20000ee0        -       0x00000010   Zero   RW         4553    .bss                service_logic_manage.o
    0x20000ef0        -       0x0000000c   Zero   RW         4554    .bss                service_logic_manage.o
    0x20000efc        -       0x00000207   Zero   RW         4910    .bss                usart0_init.o
    0x20001103   COMPRESSED   0x00000001   PAD
    0x20001104        -       0x0000002c   Zero   RW         5178    .bss                mc_p.l(localtime.o)
    0x20001130        -       0x00000200   Zero   RW          560    STACK               startup_ht32f5xxxx_01.o


==============================================================================

Image component sizes


      Code (inc. data)   RO Data    RW Data    ZI Data      Debug   Object Name

       364        106          0          4          0       1301   adc_init.o
       100         16          0          4          0       1029   bftm_init.o
       680         28          0          0          0       2435   gpio_init.o
       104         14          0          0          0        693   gptm0_init.o
      3138        740          0        105          0      22019   head.o
         0          0          0          0          0       5872   ht32_board.o
       116         26          0          0          0       3200   ht32_cm0plus_misc.o
         0          0          0          4          0       2090   ht32_retarget.o
      1256        346          0         56          0      11685   ht32f5xxxx_01_it.o
       142          0          0          0          0       5362   ht32f5xxxx_adc.o
        78          0          0          0          0       4254   ht32f5xxxx_bftm.o
       306         44          0          0          0       6348   ht32f5xxxx_ckcu.o
       208         36          0          0          0       5183   ht32f5xxxx_exti.o
       180         26          0          0          0       4188   ht32f5xxxx_flash.o
       276         12          0          0          0       6793   ht32f5xxxx_gpio.o
        18          0          0          0          0       1180   ht32f5xxxx_mctm.o
       276         50          0          0          0       4949   ht32f5xxxx_pwrcu.o
        40          6          0          0          0        759   ht32f5xxxx_rstcu.o
       216         54          0          0          0       6001   ht32f5xxxx_rtc.o
       374         36          0          0          0       6048   ht32f5xxxx_tm.o
       166         14          0          0          0       5268   ht32f5xxxx_usart.o
         0          0       2708          0          0          0   iap.o
       436         24          0          4         20       2572   low_power_iniit.o
       212         34          0          0          0      51014   main.o
        34          0          0          0          0        644   main_callfun.o
      1674        158          0         17          0      15907   mcu_api.o
      1580        118          0         16        576      21894   mcu_ota_handler.o
       224         64          0          0          0       1221   mcu_transplant.o
       678         54          0          0          0       7771   motor_init.o
      2466        432         38         18        464      16406   protocol.o
        84          4          0         12          0       2586   rtc_init.o
         0          0          0         24        764       3686   service_logic_manage.o
       336        218          0          0        512        740   startup_ht32f5xxxx_01.o
      1156        182         14         21       1557      10673   system.o
       244         20          0          4          0      60203   system_ht32f5xxxx_02.o
       104         14          0          4          0       1845   systick_init.o
      3690        876          0         24          0      16909   tst_function.o
       108         10          0          0        100       2688   tybn1_init.o
       164         16          0          0          0       1698   uart0_init.o
       156          4          0          0        519       2112   usart0_init.o

    ----------------------------------------------------------------------
     21410       3782       2794        336       4516     327226   Object Totals
         0          0         32          0          0          0   (incl. Generated)
        26          0          2         19          4          0   (incl. Padding)

    ----------------------------------------------------------------------

      Code (inc. data)   RO Data    RW Data    ZI Data      Debug   Library Member Name

        58          0          0          0          0          0   __dczerorl.o
        36          4         64          0          0         60   ctype_c.o
         0          0          0          0          0          0   entry.o
         0          0          0          0          0          0   entry10a.o
         0          0          0          0          0          0   entry11a.o
         8          4          0          0          0          0   entry2.o
         4          0          0          0          0          0   entry5.o
         0          0          0          0          0          0   entry7b.o
         0          0          0          0          0          0   entry8b.o
         8          4          0          0          0          0   entry9a.o
        30          0          0          0          0          0   handlers.o
        40          0          0          0          0         72   idiv.o
        36          8          0          0          0         68   init.o
        12          0          0          0          0         68   isdigit_c.o
        14          0          0          0          0         68   isspace_c.o
         0          0          0          0          0          0   iusefp.o
        76          0          0          0          0         76   ldiv.o
       122          0          0          0          0         84   llmul.o
        32          0          0          0          0         68   llshl.o
        34          0          0          0          0         68   llushr.o
       120         16         12          0         44         72   localtime.o
        26          0          0          0          0         72   memcmp.o
        36          0          0          0          0         60   memcpya.o
        36          0          0          0          0        100   memseta.o
       764         52          0          0          0        168   printf5.o
        44          0          0          0          0         72   uidiv.o
        96          0          0          0          0         84   uldiv.o
        20          0          0          0          0         60   uread4.o
        20          0          0          0          0         68   cfcmple.o
       178          0          0          0          0        108   fadd.o
       130          0          0          0          0        144   fepilogue.o
        50          0          0          0          0         60   ffixi.o
        40          0          0          0          0         60   ffixui.o
        22          0          0          0          0         68   fflti.o
        14          0          0          0          0         68   ffltui.o
       122          0          0          0          0         72   fmul.o
        24          0          0          0          0         60   fscalb.o

    ----------------------------------------------------------------------
      2254         88         78          0         44       2028   Library Totals
         2          0          2          0          0          0   (incl. Padding)

    ----------------------------------------------------------------------

      Code (inc. data)   RO Data    RW Data    ZI Data      Debug   Library Name

      1652         88         76          0         44       1320   mc_p.l
       600          0          0          0          0        708   mf_p.l

    ----------------------------------------------------------------------
      2254         88         78          0         44       2028   Library Totals

    ----------------------------------------------------------------------

==============================================================================


      Code (inc. data)   RO Data    RW Data    ZI Data      Debug   

     23664       3870       2872        336       4560     318250   Grand Totals
     23664       3870       2872         28       4560     318250   ELF Image Totals (compressed)
     23664       3870       2872         28          0          0   ROM Totals

==============================================================================

    Total RO  Size (Code + RO Data)                26536 (  25.91kB)
    Total RW  Size (RW Data + ZI Data)              4896 (   4.78kB)
    Total ROM Size (Code + RO Data + RW Data)      26564 (  25.94kB)

==============================================================================

