<html>
<body>
<pre>
<h1>µVision Build Log</h1>
<h2>Tool Versions:</h2>
IDE-Version: ¦ÌVision V5.27.0.0
Copyright (C) 2018 ARM Ltd and ARM Germany GmbH. All rights reserved.
License Information: XJ 2437974424@qq.com, i4, LIC=MPP56-DUXBI-X59T0-BP301-CYLS4-U8VSW
 
Tool Versions:
Toolchain:       MDK-ARM Plus  Version: 5.27.0.0
Toolchain Path:  D:\Keil_v5\ARM\ARMCC\Bin
C Compiler:      Armcc.exe V5.06 update 6 (build 750)
Assembler:       Armasm.exe V5.06 update 6 (build 750)
Linker/Locator:  ArmLink.exe V5.06 update 6 (build 750)
Library Manager: ArmAr.exe V5.06 update 6 (build 750)
Hex Converter:   FromElf.exe V5.06 update 6 (build 750)
CPU DLL:         SARMCM3.DLL V5.27.0.0
Dialog DLL:      DARMCM1.DLL V1.19.2.0
Target DLL:      CMSIS_AGDI.dll V1.31.9.0
Dialog DLL:      TARMCM1.DLL V1.14.1.0
 
<h2>Project:</h2>
D:\github\curtain\v1.1.5-tuya_3.5\example\IAP\IAP_Text\MDK_ARMv5\Project_52241_AP.uvprojx
Project File Date:  05/27/2021

<h2>Output:</h2>
*** Using Compiler 'V5.06 update 6 (build 750)', folder: 'D:\Keil_v5\ARM\ARMCC\Bin'
Build Project 'Project_52241_AP' - Target 'AP'
assembling iap.s...
compiling ht32f5xxxx_01_it.c...
D:\github\curtain\v1.1.5-tuya_3.5\example\IAP\IAP_Text\Src_AP\ht32f5xxxx_01_it.c(609): warning:  #188-D: enumerated type mixed with another type
  	EXTI_WakeupEventIntConfig(DISABLE);		// ENABLE DISABLE
D:\github\curtain\v1.1.5-tuya_3.5\example\IAP\IAP_Text\Src_AP\ht32f5xxxx_01_it.c(650): warning:  #1-D: last line of file ends without a newline
  }
D:\github\curtain\v1.1.5-tuya_3.5\example\IAP\IAP_Text\Src_AP\ht32f5xxxx_01_it.c(448): warning:  #177-D: function "KEY1_Button_Process"  was declared but never referenced
  __STATIC_INLINE void KEY1_Button_Process(void)
D:\github\curtain\v1.1.5-tuya_3.5\example\IAP\IAP_Text\Src_AP\ht32f5xxxx_01_it.c(489): warning:  #177-D: function "KEY2_Button_Process"  was declared but never referenced
  __STATIC_INLINE void KEY2_Button_Process(void)
..\Src_AP\ht32f5xxxx_01_it.c: 4 warnings, 0 errors
linking...
Program Size: Code=23612 RO-data=2872 RW-data=336 ZI-data=4560  
FromELF: creating hex file...
After Build - User command #1: fromelf --bin -o ".\HT32\52241\AP\Obj\IAP_AP.axf.bin" ".\HT32\52241\AP\Obj\IAP_AP.axf"
".\HT32\52241\AP\Obj\IAP_AP.axf" - 0 Error(s), 4 Warning(s).

<h2>Software Packages used:</h2>

Package Vendor: Holtek
                http://mcu.holtek.com.tw/pack/Holtek.HT32_DFP.1.0.20.pack
                Holtek.HT32_DFP.1.0.20
                Holtek HT32 Family Support

<h2>Collection of Component include folders:</h2>
  .\RTE\_AP
  D:\Keil_v5\ARM\PACK\Holtek\HT32_DFP\1.0.20\ARM\INC\Holtek\HT32F5xxxx

<h2>Collection of Component Files used:</h2>
Build Time Elapsed:  00:00:02
</pre>
</body>
</html>
